Archive member included to satisfy reference by file (symbol)

/home/bilal/.pico-sdk/toolchain/14_2_Rel1/bin/../lib/gcc/arm-none-eabi/14.2.1/thumb/v6-m/nofp/libgcc.a(_dvmd_tls.o)
                              CMakeFiles/uart_to_hid.dir/home/bilal/.pico-sdk/sdk/2.2.0/src/rp2_common/pico_divider/divider_hardware.S.o (__aeabi_idiv0)
/home/bilal/.pico-sdk/toolchain/14_2_Rel1/bin/../lib/gcc/arm-none-eabi/14.2.1/../../../../arm-none-eabi/lib/thumb/v6-m/nofp/libg.a(libc_a-calloc.o)
                              CMakeFiles/uart_to_hid.dir/home/bilal/.pico-sdk/sdk/2.2.0/src/rp2_common/pico_malloc/malloc.c.o (calloc)
/home/bilal/.pico-sdk/toolchain/14_2_Rel1/bin/../lib/gcc/arm-none-eabi/14.2.1/../../../../arm-none-eabi/lib/thumb/v6-m/nofp/libg.a(libc_a-callocr.o)
                              /home/bilal/.pico-sdk/toolchain/14_2_Rel1/bin/../lib/gcc/arm-none-eabi/14.2.1/../../../../arm-none-eabi/lib/thumb/v6-m/nofp/libg.a(libc_a-calloc.o) (_calloc_r)
/home/bilal/.pico-sdk/toolchain/14_2_Rel1/bin/../lib/gcc/arm-none-eabi/14.2.1/../../../../arm-none-eabi/lib/thumb/v6-m/nofp/libg.a(libc_a-malloc.o)
                              CMakeFiles/uart_to_hid.dir/home/bilal/.pico-sdk/sdk/2.2.0/src/rp2_common/pico_malloc/malloc.c.o (malloc)
/home/bilal/.pico-sdk/toolchain/14_2_Rel1/bin/../lib/gcc/arm-none-eabi/14.2.1/../../../../arm-none-eabi/lib/thumb/v6-m/nofp/libg.a(libc_a-mallocr.o)
                              /home/bilal/.pico-sdk/toolchain/14_2_Rel1/bin/../lib/gcc/arm-none-eabi/14.2.1/../../../../arm-none-eabi/lib/thumb/v6-m/nofp/libg.a(libc_a-callocr.o) (_malloc_r)
/home/bilal/.pico-sdk/toolchain/14_2_Rel1/bin/../lib/gcc/arm-none-eabi/14.2.1/../../../../arm-none-eabi/lib/thumb/v6-m/nofp/libg.a(libc_a-mlock.o)
                              /home/bilal/.pico-sdk/toolchain/14_2_Rel1/bin/../lib/gcc/arm-none-eabi/14.2.1/../../../../arm-none-eabi/lib/thumb/v6-m/nofp/libg.a(libc_a-mallocr.o) (__malloc_lock)
/home/bilal/.pico-sdk/toolchain/14_2_Rel1/bin/../lib/gcc/arm-none-eabi/14.2.1/../../../../arm-none-eabi/lib/thumb/v6-m/nofp/libg.a(libc_a-realloc.o)
                              CMakeFiles/uart_to_hid.dir/home/bilal/.pico-sdk/sdk/2.2.0/src/rp2_common/pico_malloc/malloc.c.o (realloc)
/home/bilal/.pico-sdk/toolchain/14_2_Rel1/bin/../lib/gcc/arm-none-eabi/14.2.1/../../../../arm-none-eabi/lib/thumb/v6-m/nofp/libg.a(libc_a-reallocr.o)
                              /home/bilal/.pico-sdk/toolchain/14_2_Rel1/bin/../lib/gcc/arm-none-eabi/14.2.1/../../../../arm-none-eabi/lib/thumb/v6-m/nofp/libg.a(libc_a-realloc.o) (_realloc_r)
/home/bilal/.pico-sdk/toolchain/14_2_Rel1/bin/../lib/gcc/arm-none-eabi/14.2.1/../../../../arm-none-eabi/lib/thumb/v6-m/nofp/libg.a(libc_a-memcmp.o)
                              CMakeFiles/uart_to_hid.dir/home/bilal/.pico-sdk/sdk/2.2.0/src/rp2_common/pico_atomic/atomic.c.o (memcmp)
/home/bilal/.pico-sdk/toolchain/14_2_Rel1/bin/../lib/gcc/arm-none-eabi/14.2.1/../../../../arm-none-eabi/lib/thumb/v6-m/nofp/libg.a(libc_a-memmove.o)
                              /home/bilal/.pico-sdk/toolchain/14_2_Rel1/bin/../lib/gcc/arm-none-eabi/14.2.1/../../../../arm-none-eabi/lib/thumb/v6-m/nofp/libg.a(libc_a-reallocr.o) (memmove)
/home/bilal/.pico-sdk/toolchain/14_2_Rel1/bin/../lib/gcc/arm-none-eabi/14.2.1/../../../../arm-none-eabi/lib/thumb/v6-m/nofp/libg.a(libc_a-lcltime_r.o)
                              CMakeFiles/uart_to_hid.dir/home/bilal/.pico-sdk/sdk/2.2.0/src/common/pico_util/datetime.c.o (localtime_r)
/home/bilal/.pico-sdk/toolchain/14_2_Rel1/bin/../lib/gcc/arm-none-eabi/14.2.1/../../../../arm-none-eabi/lib/thumb/v6-m/nofp/libg.a(libc_a-mktime.o)
                              CMakeFiles/uart_to_hid.dir/home/bilal/.pico-sdk/sdk/2.2.0/src/common/pico_util/datetime.c.o (mktime)
/home/bilal/.pico-sdk/toolchain/14_2_Rel1/bin/../lib/gcc/arm-none-eabi/14.2.1/../../../../arm-none-eabi/lib/thumb/v6-m/nofp/libg.a(libc_a-month_lengths.o)
                              /home/bilal/.pico-sdk/toolchain/14_2_Rel1/bin/../lib/gcc/arm-none-eabi/14.2.1/../../../../arm-none-eabi/lib/thumb/v6-m/nofp/libg.a(libc_a-lcltime_r.o) (__month_lengths)
/home/bilal/.pico-sdk/toolchain/14_2_Rel1/bin/../lib/gcc/arm-none-eabi/14.2.1/../../../../arm-none-eabi/lib/thumb/v6-m/nofp/libg.a(libc_a-tzcalc_limits.o)
                              /home/bilal/.pico-sdk/toolchain/14_2_Rel1/bin/../lib/gcc/arm-none-eabi/14.2.1/../../../../arm-none-eabi/lib/thumb/v6-m/nofp/libg.a(libc_a-lcltime_r.o) (__tzcalc_limits)
/home/bilal/.pico-sdk/toolchain/14_2_Rel1/bin/../lib/gcc/arm-none-eabi/14.2.1/../../../../arm-none-eabi/lib/thumb/v6-m/nofp/libg.a(libc_a-tzlock.o)
                              /home/bilal/.pico-sdk/toolchain/14_2_Rel1/bin/../lib/gcc/arm-none-eabi/14.2.1/../../../../arm-none-eabi/lib/thumb/v6-m/nofp/libg.a(libc_a-lcltime_r.o) (__tz_lock)
/home/bilal/.pico-sdk/toolchain/14_2_Rel1/bin/../lib/gcc/arm-none-eabi/14.2.1/../../../../arm-none-eabi/lib/thumb/v6-m/nofp/libg.a(libc_a-tzset.o)
[...]
Memory Configuration

Name             Origin             Length             Attributes
FLASH            0x10000000         0x00200000         xr
RAM              0x20000000         0x00040000         xrw
SCRATCH_X        0x20040000         0x00001000         xrw
SCRATCH_Y        0x20041000         0x00001000         xrw
*default*        0x00000000         0xffffffff

Linker script and memory map

LOAD /home/bilal/.pico-sdk/toolchain/14_2_Rel1/bin/../lib/gcc/arm-none-eabi/14.2.1/thumb/v6-m/nofp/crti.o
LOAD /home/bilal/.pico-sdk/toolchain/14_2_Rel1/bin/../lib/gcc/arm-none-eabi/14.2.1/thumb/v6-m/nofp/crtbegin.o
LOAD /home/bilal/.pico-sdk/toolchain/14_2_Rel1/bin/../lib/gcc/arm-none-eabi/14.2.1/../../../../arm-none-eabi/lib/thumb/v6-m/nofp/crt0.o

.flash_begin    0x10000000        0x0
                0x10000000                        __flash_binary_start = .

.boot2          0x10000000      0x100
                0x10000000                        __boot2_start__ = .
 *(.boot2)
 .boot2         0x10000000      0x100 pico-sdk/src/rp2040/boot_stage2/CMakeFiles/bs2_default_library.dir/./bs2_default_padded_checksummed.S.o
                0x10000100                        __boot2_end__ = .
                0x00000001                        ASSERT (((__boot2_end__ - __boot2_start__) == 0x100), ERROR: Pico second stage bootloader must be 256 bytes in size)

.text           0x10000100     0x4004
                0x10000100                        __logical_binary_start = .
 *(.vectors)
 .vectors       0x10000100       0xd4 CMakeFiles/uart_to_hid.dir/home/bilal/.pico-sdk/sdk/2.2.0/src/rp2_common/pico_crt0/crt0.S.o
                0x10000100                __vectors
                0x10000100                __VECTOR_TABLE
                0x100001c0                isr_irq30
                0x100001c0                __unhandled_user_irq
                0x100001c0                isr_irq13
                0x100001c0                isr_irq27
                0x100001c0                isr_irq31
                0x100001c0                isr_irq5
                0x100001c0                isr_irq11
                0x100001c0                isr_irq23
                0x100001c0                isr_irq18
                0x100001c0                isr_irq28
                0x100001c0                isr_irq19
                0x100001c0                isr_irq0
                0x100001c0                isr_irq6
                0x100001c0                isr_irq22
                0x100001c0                isr_irq17
                0x100001c0                isr_irq14
                0x100001c0                __vectors_end
                0x100001c0                __default_isrs_start
                0x100001c0                isr_irq2
                0x100001c0                isr_irq10
                0x100001c0                isr_irq8
                0x100001c0                isr_irq24
                0x100001c0                isr_irq1
                0x100001c0                isr_irq7
                0x100001c0                isr_irq21
                0x100001c0                isr_irq20
                0x100001c0                isr_irq15
                0x100001c0                isr_irq25
                0x100001c0                isr_irq4
                0x100001c0                isr_irq16
                0x100001c0                isr_irq29
                0x100001c0                isr_irq26
                0x100001c0                isr_irq3
                0x100001c0                isr_irq12
                0x100001c0                isr_irq9
                0x100001c6                unhandled_user_irq_num_in_r0
                0x100001c8                isr_invalid
                0x100001ca                isr_nmi
                0x100001cc                isr_hardfault
                0x100001ce                isr_svcall
                0x100001d0                isr_pendsv
                0x100001d2                isr_systick
                0x100001d4                __default_isrs_end
 *(.binary_info_header)
 .binary_info_header
                0x100001d4       0x14 CMakeFiles/uart_to_hid.dir/home/bilal/.pico-sdk/sdk/2.2.0/src/rp2_common/pico_crt0/crt0.S.o
                0x100001e8                        __binary_info_header_end = .
 *(.embedded_block)
                0x100001e8                        __embedded_block_end = .
 *(.reset)
 .reset         0x100001e8       0x9c CMakeFiles/uart_to_hid.dir/home/bilal/.pico-sdk/sdk/2.2.0/src/rp2_common/pico_crt0/crt0.S.o
                0x100001e8                _entry_point
 *(.init)
 .init          0x10000284        0x4 /home/bilal/.pico-sdk/toolchain/14_2_Rel1/bin/../lib/gcc/arm-none-eabi/14.2.1/thumb/v6-m/nofp/crti.o
                0x10000284                _init
 *(EXCLUDE_FILE(*libm.a: *libc.a:*lib_a-mem*.o *libgcc.a:) .text*)
 .text.register_tm_clones
                0x10000288       0x28 /home/bilal/.pico-sdk/toolchain/14_2_Rel1/bin/../lib/gcc/arm-none-eabi/14.2.1/thumb/v6-m/nofp/crtbegin.o
 .text.frame_dummy
                0x100002b0       0x24 /home/bilal/.pico-sdk/toolchain/14_2_Rel1/bin/../lib/gcc/arm-none-eabi/14.2.1/thumb/v6-m/nofp/crtbegin.o
 .text.tud_mount_cb
                0x100002d4       0x10 CMakeFiles/uart_to_hid.dir/main.c.o
                0x100002d4                tud_mount_cb
 .text.tud_umount_cb
                0x100002e4        0xc CMakeFiles/uart_to_hid.dir/main.c.o
                0x100002e4                tud_umount_cb
 .text.tud_suspend_cb
                0x100002f0       0x10 CMakeFiles/uart_to_hid.dir/main.c.o
                0x100002f0                tud_suspend_cb
 .text.tud_resume_cb
                0x10000300       0x28 CMakeFiles/uart_to_hid.dir/main.c.o
                0x10000300                tud_resume_cb
 .text.tud_hid_get_report_cb
                0x10000328        0x4 CMakeFiles/uart_to_hid.dir/main.c.o
                0x10000328                tud_hid_get_report_cb
 .text.tud_hid_set_report_cb
                0x1000032c       0x38 CMakeFiles/uart_to_hid.dir/main.c.o
                0x1000032c                tud_hid_set_report_cb
 .text.startup.main
                0x10000364      0x290 CMakeFiles/uart_to_hid.dir/main.c.o
                0x10000364                main
 .text.tud_descriptor_device_cb
                0x100005f4        0x8 CMakeFiles/uart_to_hid.dir/usb_descriptors.c.o
                0x100005f4                tud_descriptor_device_cb
 .text.tud_hid_descriptor_report_cb
                0x100005fc        0x8 CMakeFiles/uart_to_hid.dir/usb_descriptors.c.o
                0x100005fc                tud_hid_descriptor_report_cb
 .text.tud_descriptor_configuration_cb
                0x10000604        0x8 CMakeFiles/uart_to_hid.dir/usb_descriptors.c.o
                0x10000604                tud_descriptor_configuration_cb
 .text.tud_descriptor_string_cb
                0x1000060c      0x128 CMakeFiles/uart_to_hid.dir/usb_descriptors.c.o
                0x1000060c                tud_descriptor_string_cb
 .text.gpio_set_function
                0x10000734       0x34 CMakeFiles/uart_to_hid.dir/home/bilal/.pico-sdk/sdk/2.2.0/src/rp2_common/hardware_gpio/gpio.c.o
                0x10000734                gpio_set_function
 .text.gpio_init
                0x10000768       0x40 CMakeFiles/uart_to_hid.dir/home/bilal/.pico-sdk/sdk/2.2.0/src/rp2_common/hardware_gpio/gpio.c.o
                0x10000768                gpio_init
 .text.rp2040_chip_version
                0x100007a8        0xc CMakeFiles/uart_to_hid.dir/home/bilal/.pico-sdk/sdk/2.2.0/src/rp2040/pico_platform/platform.c.o
                0x100007a8                rp2040_chip_version
 .text.panic    0x100007b4       0x30 CMakeFiles/uart_to_hid.dir/home/bilal/.pico-sdk/sdk/2.2.0/src/rp2_common/pico_platform_panic/panic.c.o
                0x100007b4                panic
 .text.hw_claim_or_assert
                0x100007e4       0x44 CMakeFiles/uart_to_hid.dir/home/bilal/.pico-sdk/sdk/2.2.0/src/common/hardware_claim/claim.c.o
                0x100007e4                hw_claim_or_assert
 .text.hw_claim_unused_from_range
                0x10000828       0x88 CMakeFiles/uart_to_hid.dir/home/bilal/.pico-sdk/sdk/2.2.0/src/common/hardware_claim/claim.c.o
                0x10000828                hw_claim_unused_from_range
 .text.next_striped_spin_lock_num
                0x100008b0       0x18 CMakeFiles/uart_to_hid.dir/home/bilal/.pico-sdk/sdk/2.2.0/src/rp2_common/hardware_sync/sync.c.o
                0x100008b0                next_striped_spin_lock_num
 .text.spin_lock_claim_unused
                0x100008c8       0x24 CMakeFiles/uart_to_hid.dir/home/bilal/.pico-sdk/sdk/2.2.0/src/rp2_common/hardware_sync/sync.c.o
                0x100008c8                spin_lock_claim_unused
 .text.spin_locks_reset
                0x100008ec       0x1c CMakeFiles/uart_to_hid.dir/home/bilal/.pico-sdk/sdk/2.2.0/src/rp2_common/hardware_sync_spin_lock/sync_spin_lock.c.o
                0x100008ec                spin_locks_reset
 .text.runtime_init_per_core_irq_priorities
                0x10000908       0x24 CMakeFiles/uart_to_hid.dir/home/bilal/.pico-sdk/sdk/2.2.0/src/rp2_common/hardware_irq/irq.c.o
                0x10000908                runtime_init_per_core_irq_priorities
 .text.irq_set_enabled
                0x1000092c       0x24 CMakeFiles/uart_to_hid.dir/home/bilal/.pico-sdk/sdk/2.2.0/src/rp2_common/hardware_irq/irq.c.o
                0x1000092c                irq_set_enabled
 .text.irq_set_exclusive_handler
                0x10000950       0x54 CMakeFiles/uart_to_hid.dir/home/bilal/.pico-sdk/sdk/2.2.0/src/rp2_common/hardware_irq/irq.c.o
                0x10000950                irq_set_exclusive_handler
 .text.irq_add_shared_handler
                0x100009a4      0x1f4 CMakeFiles/uart_to_hid.dir/home/bilal/.pico-sdk/sdk/2.2.0/src/rp2_common/hardware_irq/irq.c.o
                0x100009a4                irq_add_shared_handler
 .text.irq_remove_handler
                0x10000b98      0x1d4 CMakeFiles/uart_to_hid.dir/home/bilal/.pico-sdk/sdk/2.2.0/src/rp2_common/hardware_irq/irq.c.o
                0x10000b98                irq_remove_handler
 .text.irq_add_tail_to_free_list
                0x10000d6c       0xb4 CMakeFiles/uart_to_hid.dir/home/bilal/.pico-sdk/sdk/2.2.0/src/rp2_common/hardware_irq/irq.c.o
                0x10000d6c                irq_add_tail_to_free_list
 .text.lock_init
                0x10000e20       0x10 CMakeFiles/uart_to_hid.dir/home/bilal/.pico-sdk/sdk/2.2.0/src/common/pico_sync/lock_core.c.o
                0x10000e20                lock_init
 .text.runtime_init_mutex
                0x10000e30       0x50 CMakeFiles/uart_to_hid.dir/home/bilal/.pico-sdk/sdk/2.2.0/src/common/pico_sync/mutex.c.o
                0x10000e30                runtime_init_mutex
 .text.mutex_init
                0x10000e80       0x1c CMakeFiles/uart_to_hid.dir/home/bilal/.pico-sdk/sdk/2.2.0/src/common/pico_sync/mutex.c.o
                0x10000e80                mutex_init
 .text.critical_section_init
                0x10000e9c       0x1c CMakeFiles/uart_to_hid.dir/home/bilal/.pico-sdk/sdk/2.2.0/src/common/pico_sync/critical_section.c.o
                0x10000e9c                critical_section_init
 .text.sleep_until_callback
                0x10000eb8       0x30 CMakeFiles/uart_to_hid.dir/home/bilal/.pico-sdk/sdk/2.2.0/src/common/pico_time/time.c.o
 .text.alarm_pool_irq_handler
                0x10000ee8      0x300 CMakeFiles/uart_to_hid.dir/home/bilal/.pico-sdk/sdk/2.2.0/src/common/pico_time/time.c.o
 .text.runtime_init_default_alarm_pool
                0x100011e8       0xdc CMakeFiles/uart_to_hid.dir/home/bilal/.pico-sdk/sdk/2.2.0/src/common/pico_time/time.c.o
                0x100011e8                runtime_init_default_alarm_pool
 .text.alarm_pool_add_alarm_at_force_in_context
                0x100012c4       0xb0 CMakeFiles/uart_to_hid.dir/home/bilal/.pico-sdk/sdk/2.2.0/src/common/pico_time/time.c.o
                0x100012c4                alarm_pool_add_alarm_at_force_in_context
 .text.alarm_pool_cancel_alarm
                0x10001374       0x74 CMakeFiles/uart_to_hid.dir/home/bilal/.pico-sdk/sdk/2.2.0/src/common/pico_time/time.c.o
                0x10001374                alarm_pool_cancel_alarm
 .text.sleep_ms
                0x100013e8       0xfc CMakeFiles/uart_to_hid.dir/home/bilal/.pico-sdk/sdk/2.2.0/src/common/pico_time/time.c.o
                0x100013e8                sleep_ms
 .text.best_effort_wfe_or_timeout
                0x100014e4      0x10c CMakeFiles/uart_to_hid.dir/home/bilal/.pico-sdk/sdk/2.2.0/src/common/pico_time/time.c.o
                0x100014e4                best_effort_wfe_or_timeout
 .text.timer_hardware_alarm_claim
                0x100015f0       0x14 CMakeFiles/uart_to_hid.dir/home/bilal/.pico-sdk/sdk/2.2.0/src/rp2_common/hardware_timer/timer.c.o
                0x100015f0                timer_hardware_alarm_claim
 .text.timer_time_us_64
                0x10001604       0x10 CMakeFiles/uart_to_hid.dir/home/bilal/.pico-sdk/sdk/2.2.0/src/rp2_common/hardware_timer/timer.c.o
                0x10001604                timer_time_us_64
 .text.time_us_64
                0x10001614       0x14 CMakeFiles/uart_to_hid.dir/home/bilal/.pico-sdk/sdk/2.2.0/src/rp2_common/hardware_timer/timer.c.o
                0x10001614                time_us_64
 .text.busy_wait_us
                0x10001628       0x68 CMakeFiles/uart_to_hid.dir/home/bilal/.pico-sdk/sdk/2.2.0/src/rp2_common/hardware_timer/timer.c.o
                0x10001628                busy_wait_us
 .text.busy_wait_until
                0x10001690       0x20 CMakeFiles/uart_to_hid.dir/home/bilal/.pico-sdk/sdk/2.2.0/src/rp2_common/hardware_timer/timer.c.o
                0x10001690                busy_wait_until
 .text.uart_init
                0x100016b0      0x120 CMakeFiles/uart_to_hid.dir/home/bilal/.pico-sdk/sdk/2.2.0/src/rp2_common/hardware_uart/uart.c.o
                0x100016b0                uart_init
 .text.clock_configure_int_divider
                0x100017d0       0xf4 CMakeFiles/uart_to_hid.dir/home/bilal/.pico-sdk/sdk/2.2.0/src/rp2_common/hardware_clocks/clocks.c.o
                0x100017d0                clock_configure_int_divider
 .text.clock_configure_undivided
                0x100018c4       0xe8 CMakeFiles/uart_to_hid.dir/home/bilal/.pico-sdk/sdk/2.2.0/src/rp2_common/hardware_clocks/clocks.c.o
                0x100018c4                clock_configure_undivided
 .text.clock_get_hz
                0x100019ac        0xc CMakeFiles/uart_to_hid.dir/home/bilal/.pico-sdk/sdk/2.2.0/src/rp2_common/hardware_clocks/clocks.c.o
                0x100019ac                clock_get_hz
 .text.pll_init
                0x100019b8       0xa4 CMakeFiles/uart_to_hid.dir/home/bilal/.pico-sdk/sdk/2.2.0/src/rp2_common/hardware_pll/pll.c.o
                0x100019b8                pll_init
 .text.tick_start
                0x10001a5c       0x10 CMakeFiles/uart_to_hid.dir/home/bilal/.pico-sdk/sdk/2.2.0/src/rp2_common/hardware_ticks/ticks.c.o
                0x10001a5c                tick_start
 .text.rom_func_lookup
                0x10001a6c       0x10 CMakeFiles/uart_to_hid.dir/home/bilal/.pico-sdk/sdk/2.2.0/src/rp2_common/pico_bootrom/bootrom.c.o
                0x10001a6c                rom_func_lookup
 .text.rom_data_lookup
                0x10001a7c       0x10 CMakeFiles/uart_to_hid.dir/home/bilal/.pico-sdk/sdk/2.2.0/src/rp2_common/pico_bootrom/bootrom.c.o
                0x10001a7c                rom_data_lookup
 .text.rom_funcs_lookup
                0x10001a8c       0x44 CMakeFiles/uart_to_hid.dir/home/bilal/.pico-sdk/sdk/2.2.0/src/rp2_common/pico_bootrom/bootrom.c.o
                0x10001a8c                rom_funcs_lookup
 .text.xosc_init
                0x10001ad0       0x28 CMakeFiles/uart_to_hid.dir/home/bilal/.pico-sdk/sdk/2.2.0/src/rp2_common/hardware_xosc/xosc.c.o
                0x10001ad0                xosc_init
 .text.first_per_core_initializer
                0x10001af8        0x4 CMakeFiles/uart_to_hid.dir/home/bilal/.pico-sdk/sdk/2.2.0/src/rp2_common/pico_runtime/runtime.c.o
 .text.hard_assertion_failure
                0x10001afc        0xc CMakeFiles/uart_to_hid.dir/home/bilal/.pico-sdk/sdk/2.2.0/src/rp2_common/pico_runtime/runtime.c.o
                0x10001afc                hard_assertion_failure
 .text.runtime_run_initializers
                0x10001b08       0x28 CMakeFiles/uart_to_hid.dir/home/bilal/.pico-sdk/sdk/2.2.0/src/rp2_common/pico_runtime/runtime.c.o
                0x10001b08                runtime_run_initializers
 .text.runtime_init_early_resets
                0x10001b30       0x2c CMakeFiles/uart_to_hid.dir/home/bilal/.pico-sdk/sdk/2.2.0/src/rp2_common/pico_runtime_init/runtime_init.c.o
                0x10001b30                runtime_init_early_resets
 .text.runtime_init_usb_power_down
                0x10001b5c       0x1c CMakeFiles/uart_to_hid.dir/home/bilal/.pico-sdk/sdk/2.2.0/src/rp2_common/pico_runtime_init/runtime_init.c.o
                0x10001b5c                runtime_init_usb_power_down
 .text.runtime_init_post_clock_resets
                0x10001b78       0x20 CMakeFiles/uart_to_hid.dir/home/bilal/.pico-sdk/sdk/2.2.0/src/rp2_common/pico_runtime_init/runtime_init.c.o
                0x10001b78                runtime_init_post_clock_resets
 .text.runtime_init_rp2040_gpio_ie_disable
                0x10001b98       0x14 CMakeFiles/uart_to_hid.dir/home/bilal/.pico-sdk/sdk/2.2.0/src/rp2_common/pico_runtime_init/runtime_init.c.o
                0x10001b98                runtime_init_rp2040_gpio_ie_disable
 .text.runtime_init_spin_locks_reset
                0x10001bac        0x8 CMakeFiles/uart_to_hid.dir/home/bilal/.pico-sdk/sdk/2.2.0/src/rp2_common/pico_runtime_init/runtime_init.c.o
                0x10001bac                runtime_init_spin_locks_reset
 .text.runtime_init_install_ram_vector_table
                0x10001bb4       0xb4 CMakeFiles/uart_to_hid.dir/home/bilal/.pico-sdk/sdk/2.2.0/src/rp2_common/pico_runtime_init/runtime_init.c.o
                0x10001bb4                runtime_init_install_ram_vector_table
 .text.runtime_init_clocks
                0x10001c68       0xd8 CMakeFiles/uart_to_hid.dir/home/bilal/.pico-sdk/sdk/2.2.0/src/rp2_common/pico_runtime_init/runtime_init_clocks.c.o
                0x10001c68                runtime_init_clocks
 .text          0x10001d40       0x10 CMakeFiles/uart_to_hid.dir/home/bilal/.pico-sdk/sdk/2.2.0/src/rp2_common/pico_bit_ops/bit_ops_aeabi.S.o
 .text.__wrap___aeabi_uidiv
                0x10001d50       0x4c CMakeFiles/uart_to_hid.dir/home/bilal/.pico-sdk/sdk/2.2.0/src/rp2_common/pico_divider/divider_hardware.S.o
                0x10001d50                __wrap___aeabi_uidiv
                0x10001d50                __wrap___aeabi_uidivmod
                0x10001d50                div_u32u32
                0x10001d50                divmod_u32u32
                0x10001d58                divmod_u32u32_unsafe
                0x10001d80                divmod_u32u32_savestate
 .text.__wrap___aeabi_ldiv
                0x10001d9c      0x424 CMakeFiles/uart_to_hid.dir/home/bilal/.pico-sdk/sdk/2.2.0/src/rp2_common/pico_divider/divider_hardware.S.o
                0x10001d9c                div_s64s64
                0x10001d9c                divmod_s64s64
                0x10001d9c                __wrap___aeabi_ldivmod
                0x10001dcc                div_u64u64
                0x10001dcc                divmod_u64u64
                0x10001dcc                __wrap___aeabi_uldivmod
                0x10001ddc                divmod_u64u64_savestate
                0x10001dfc                divmod_s64s64_unsafe
                0x10001e84                divmod_u64u64_unsafe
 .text.__aeabi_double_init
                0x100021c0       0xa4 CMakeFiles/uart_to_hid.dir/home/bilal/.pico-sdk/sdk/2.2.0/src/rp2_common/pico_double/double_init_rom_rp2040.c.o
                0x100021c0                __aeabi_double_init
 .text.double_table_shim_on_use_helper
                0x10002264       0x2c CMakeFiles/uart_to_hid.dir/home/bilal/.pico-sdk/sdk/2.2.0/src/rp2_common/pico_double/double_v1_rom_shim_rp2040.S.o
                0x10002264                double_table_shim_on_use_helper
 .text.__aeabi_lmul
                0x10002290       0x32 CMakeFiles/uart_to_hid.dir/home/bilal/.pico-sdk/sdk/2.2.0/src/rp2_common/pico_int64_ops/pico_int64_ops_aeabi.S.o
                0x10002290                __wrap___aeabi_lmul
 *fill*         0x100022c2        0x2 
 .text.__aeabi_float_init
                0x100022c4       0x64 CMakeFiles/uart_to_hid.dir/home/bilal/.pico-sdk/sdk/2.2.0/src/rp2_common/pico_float/float_init_rom_rp2040.c.o
                0x100022c4                __aeabi_float_init
 .text.float_table_shim_on_use_helper
                0x10002328       0x2c CMakeFiles/uart_to_hid.dir/home/bilal/.pico-sdk/sdk/2.2.0/src/rp2_common/pico_float/float_v1_rom_shim_rp2040.S.o
                0x10002328                float_table_shim_on_use_helper
 .text          0x10002354       0x10 CMakeFiles/uart_to_hid.dir/home/bilal/.pico-sdk/sdk/2.2.0/src/rp2_common/pico_mem_ops/mem_ops_aeabi.S.o
                0x10002354                __aeabi_mem_init
 .text.memset   0x10002364        0xc CMakeFiles/uart_to_hid.dir/home/bilal/.pico-sdk/sdk/2.2.0/src/rp2_common/pico_mem_ops/mem_ops_aeabi.S.o
                0x10002364                __wrap_memset
 .text.memcpy   0x10002370        0xc CMakeFiles/uart_to_hid.dir/home/bilal/.pico-sdk/sdk/2.2.0/src/rp2_common/pico_mem_ops/mem_ops_aeabi.S.o
                0x10002370                __wrap___aeabi_memcpy
                0x10002370                __wrap_memcpy
 .text._out_char
                0x1000237c       0x10 CMakeFiles/uart_to_hid.dir/home/bilal/.pico-sdk/sdk/2.2.0/src/rp2_common/pico_printf/printf.c.o
 .text.weak_raw_vprintf
                0x1000238c       0x30 CMakeFiles/uart_to_hid.dir/home/bilal/.pico-sdk/sdk/2.2.0/src/rp2_common/pico_printf/printf.c.o
                0x1000238c                weak_raw_vprintf
 .text._exit    0x100023bc        0x4 CMakeFiles/uart_to_hid.dir/home/bilal/.pico-sdk/sdk/2.2.0/src/rp2_common/pico_clib_interface/newlib_interface.c.o
                0x100023bc                _exit
 .text.exit     0x100023c0        0x8 CMakeFiles/uart_to_hid.dir/home/bilal/.pico-sdk/sdk/2.2.0/src/rp2_common/pico_clib_interface/newlib_interface.c.o
                0x100023c0                exit
 .text.runtime_init
                0x100023c8       0x2c CMakeFiles/uart_to_hid.dir/home/bilal/.pico-sdk/sdk/2.2.0/src/rp2_common/pico_clib_interface/newlib_interface.c.o
                0x100023c8                runtime_init
 .text.stdio_out_chars_no_crlf
                0x100023f4       0x10 CMakeFiles/uart_to_hid.dir/home/bilal/.pico-sdk/sdk/2.2.0/src/rp2_common/pico_stdio/stdio.c.o
 .text.stdio_out_chars_crlf
                0x10002404       0xb0 CMakeFiles/uart_to_hid.dir/home/bilal/.pico-sdk/sdk/2.2.0/src/rp2_common/pico_stdio/stdio.c.o
 .text.stdio_put_string
                0x100024b4       0xfc CMakeFiles/uart_to_hid.dir/home/bilal/.pico-sdk/sdk/2.2.0/src/rp2_common/pico_stdio/stdio.c.o
                0x100024b4                stdio_put_string
 .text.stdio_set_driver_enabled
                0x100025b0       0x30 CMakeFiles/uart_to_hid.dir/home/bilal/.pico-sdk/sdk/2.2.0/src/rp2_common/pico_stdio/stdio.c.o
                0x100025b0                stdio_set_driver_enabled
 .text.__wrap_putchar
                0x100025e0       0x94 CMakeFiles/uart_to_hid.dir/home/bilal/.pico-sdk/sdk/2.2.0/src/rp2_common/pico_stdio/stdio.c.o
                0x100025e0                stdio_putchar
                0x100025e0                __wrap_putchar
 .text.__wrap_puts
                0x10002674       0x3c CMakeFiles/uart_to_hid.dir/home/bilal/.pico-sdk/sdk/2.2.0/src/rp2_common/pico_stdio/stdio.c.o
                0x10002674                __wrap_puts
                0x10002674                stdio_puts
 .text.stdio_uart_out_chars
                0x100026b0       0x4c CMakeFiles/uart_to_hid.dir/home/bilal/.pico-sdk/sdk/2.2.0/src/rp2_common/pico_stdio_uart/stdio_uart.c.o
 .text.stdio_uart_in_chars
                0x100026fc       0x90 CMakeFiles/uart_to_hid.dir/home/bilal/.pico-sdk/sdk/2.2.0/src/rp2_common/pico_stdio_uart/stdio_uart.c.o
                0x100026fc                stdio_uart_in_chars
 .text.on_uart_rx
                0x1000278c       0x28 CMakeFiles/uart_to_hid.dir/home/bilal/.pico-sdk/sdk/2.2.0/src/rp2_common/pico_stdio_uart/stdio_uart.c.o
 .text.stdio_uart_out_flush
                0x100027b4       0x14 CMakeFiles/uart_to_hid.dir/home/bilal/.pico-sdk/sdk/2.2.0/src/rp2_common/pico_stdio_uart/stdio_uart.c.o
 .text.stdio_uart_set_chars_available_callback
                0x100027c8       0x84 CMakeFiles/uart_to_hid.dir/home/bilal/.pico-sdk/sdk/2.2.0/src/rp2_common/pico_stdio_uart/stdio_uart.c.o
 .text.stdio_uart_init_full
                0x1000284c       0x3c CMakeFiles/uart_to_hid.dir/home/bilal/.pico-sdk/sdk/2.2.0/src/rp2_common/pico_stdio_uart/stdio_uart.c.o
                0x1000284c                stdio_uart_init_full
 .text.dcd_init
                0x10002888       0x90 CMakeFiles/uart_to_hid.dir/home/bilal/.pico-sdk/sdk/2.2.0/lib/tinyusb/src/portable/raspberrypi/rp2040/dcd_rp2040.c.o
                0x10002888                dcd_init
 .text.dcd_int_enable
                0x10002918        0xc CMakeFiles/uart_to_hid.dir/home/bilal/.pico-sdk/sdk/2.2.0/lib/tinyusb/src/portable/raspberrypi/rp2040/dcd_rp2040.c.o
                0x10002918                dcd_int_enable
 .text.dcd_set_address
                0x10002924       0x14 CMakeFiles/uart_to_hid.dir/home/bilal/.pico-sdk/sdk/2.2.0/lib/tinyusb/src/portable/raspberrypi/rp2040/dcd_rp2040.c.o
                0x10002924                dcd_set_address
 .text.dcd_remote_wakeup
                0x10002938       0x18 CMakeFiles/uart_to_hid.dir/home/bilal/.pico-sdk/sdk/2.2.0/lib/tinyusb/src/portable/raspberrypi/rp2040/dcd_rp2040.c.o
                0x10002938                dcd_remote_wakeup
 .text.dcd_sof_enable
                0x10002950       0x1c CMakeFiles/uart_to_hid.dir/home/bilal/.pico-sdk/sdk/2.2.0/lib/tinyusb/src/portable/raspberrypi/rp2040/dcd_rp2040.c.o
                0x10002950                dcd_sof_enable
 .text.dcd_edpt0_status_complete
                0x1000296c       0x1c CMakeFiles/uart_to_hid.dir/home/bilal/.pico-sdk/sdk/2.2.0/lib/tinyusb/src/portable/raspberrypi/rp2040/dcd_rp2040.c.o
                0x1000296c                dcd_edpt0_status_complete
 .text.dcd_edpt_open
                0x10002988      0x114 CMakeFiles/uart_to_hid.dir/home/bilal/.pico-sdk/sdk/2.2.0/lib/tinyusb/src/portable/raspberrypi/rp2040/dcd_rp2040.c.o
                0x10002988                dcd_edpt_open
 .text.dcd_edpt_close_all
                0x10002a9c        0x8 CMakeFiles/uart_to_hid.dir/home/bilal/.pico-sdk/sdk/2.2.0/lib/tinyusb/src/portable/raspberrypi/rp2040/dcd_rp2040.c.o
                0x10002a9c                dcd_edpt_close_all
 .text.dcd_edpt_xfer
                0x10002aa4       0x24 CMakeFiles/uart_to_hid.dir/home/bilal/.pico-sdk/sdk/2.2.0/lib/tinyusb/src/portable/raspberrypi/rp2040/dcd_rp2040.c.o
                0x10002aa4                dcd_edpt_xfer
 .text.dcd_edpt_stall
                0x10002ac8       0x3c CMakeFiles/uart_to_hid.dir/home/bilal/.pico-sdk/sdk/2.2.0/lib/tinyusb/src/portable/raspberrypi/rp2040/dcd_rp2040.c.o
                0x10002ac8                dcd_edpt_stall
 .text.dcd_edpt_clear_stall
                0x10002b04       0x30 CMakeFiles/uart_to_hid.dir/home/bilal/.pico-sdk/sdk/2.2.0/lib/tinyusb/src/portable/raspberrypi/rp2040/dcd_rp2040.c.o
                0x10002b04                dcd_edpt_clear_stall
 .text.rp2040_usb_init
                0x10002b34       0x40 CMakeFiles/uart_to_hid.dir/home/bilal/.pico-sdk/sdk/2.2.0/lib/tinyusb/src/portable/raspberrypi/rp2040/rp2040_usb.c.o
                0x10002b34                rp2040_usb_init
 .text.hw_endpoint_xfer_start
                0x10002b74       0x40 CMakeFiles/uart_to_hid.dir/home/bilal/.pico-sdk/sdk/2.2.0/lib/tinyusb/src/portable/raspberrypi/rp2040/rp2040_usb.c.o
                0x10002b74                hw_endpoint_xfer_start
 .text.tud_vendor_control_xfer_cb
                0x10002bb4        0x4 CMakeFiles/uart_to_hid.dir/home/bilal/.pico-sdk/sdk/2.2.0/lib/tinyusb/src/device/usbd.c.o
                0x10002bb4                tud_vendor_control_xfer_cb
 .text.tud_event_hook_cb
                0x10002bb8        0x4 CMakeFiles/uart_to_hid.dir/home/bilal/.pico-sdk/sdk/2.2.0/lib/tinyusb/src/device/usbd.c.o
                0x10002bb8                tud_event_hook_cb
 .text.tud_sof_cb
                0x10002bbc        0x4 CMakeFiles/uart_to_hid.dir/home/bilal/.pico-sdk/sdk/2.2.0/lib/tinyusb/src/device/usbd.c.o
                0x10002bbc                tud_sof_cb
 .text.tud_descriptor_bos_cb
                0x10002bc0        0x4 CMakeFiles/uart_to_hid.dir/home/bilal/.pico-sdk/sdk/2.2.0/lib/tinyusb/src/device/usbd.c.o
                0x10002bc0                tud_descriptor_bos_cb
 .text.tud_descriptor_device_qualifier_cb
                0x10002bc4        0x4 CMakeFiles/uart_to_hid.dir/home/bilal/.pico-sdk/sdk/2.2.0/lib/tinyusb/src/device/usbd.c.o
                0x10002bc4                tud_descriptor_device_qualifier_cb
 .text.tud_descriptor_other_speed_configuration_cb
                0x10002bc8        0x4 CMakeFiles/uart_to_hid.dir/home/bilal/.pico-sdk/sdk/2.2.0/lib/tinyusb/src/device/usbd.c.o
                0x10002bc8                tud_descriptor_other_speed_configuration_cb
 .text.tud_mounted
                0x10002bcc       0x10 CMakeFiles/uart_to_hid.dir/home/bilal/.pico-sdk/sdk/2.2.0/lib/tinyusb/src/device/usbd.c.o
                0x10002bcc                tud_mounted
 .text.tud_suspended
                0x10002bdc       0x10 CMakeFiles/uart_to_hid.dir/home/bilal/.pico-sdk/sdk/2.2.0/lib/tinyusb/src/device/usbd.c.o
                0x10002bdc                tud_suspended
 .text.tud_remote_wakeup
                0x10002bec       0x30 CMakeFiles/uart_to_hid.dir/home/bilal/.pico-sdk/sdk/2.2.0/lib/tinyusb/src/device/usbd.c.o
                0x10002bec                tud_remote_wakeup
 .text.tud_rhport_init
                0x10002c1c       0xec CMakeFiles/uart_to_hid.dir/home/bilal/.pico-sdk/sdk/2.2.0/lib/tinyusb/src/device/usbd.c.o
                0x10002c1c                tud_rhport_init
 .text.tud_task_ext
                0x10002d08      0x7c0 CMakeFiles/uart_to_hid.dir/home/bilal/.pico-sdk/sdk/2.2.0/lib/tinyusb/src/device/usbd.c.o
                0x10002d08                tud_task_ext
 .text.usbd_open_edpt_pair
                0x100034c8       0x9c CMakeFiles/uart_to_hid.dir/home/bilal/.pico-sdk/sdk/2.2.0/lib/tinyusb/src/device/usbd.c.o
                0x100034c8                usbd_open_edpt_pair
 .text.usbd_edpt_claim
                0x10003564       0x28 CMakeFiles/uart_to_hid.dir/home/bilal/.pico-sdk/sdk/2.2.0/lib/tinyusb/src/device/usbd.c.o
                0x10003564                usbd_edpt_claim
 .text.usbd_edpt_xfer
                0x1000358c       0x4c CMakeFiles/uart_to_hid.dir/home/bilal/.pico-sdk/sdk/2.2.0/lib/tinyusb/src/device/usbd.c.o
                0x1000358c                usbd_edpt_xfer
 .text.usbd_edpt_busy
                0x100035d8       0x1c CMakeFiles/uart_to_hid.dir/home/bilal/.pico-sdk/sdk/2.2.0/lib/tinyusb/src/device/usbd.c.o
                0x100035d8                usbd_edpt_busy
 .text.tud_control_status
                0x100035f4       0x2c CMakeFiles/uart_to_hid.dir/home/bilal/.pico-sdk/sdk/2.2.0/lib/tinyusb/src/device/usbd_control.c.o
                0x100035f4                tud_control_status
 .text.tud_control_xfer
                0x10003620       0xa8 CMakeFiles/uart_to_hid.dir/home/bilal/.pico-sdk/sdk/2.2.0/lib/tinyusb/src/device/usbd_control.c.o
                0x10003620                tud_control_xfer
 .text.usbd_control_reset
                0x100036c8       0x14 CMakeFiles/uart_to_hid.dir/home/bilal/.pico-sdk/sdk/2.2.0/lib/tinyusb/src/device/usbd_control.c.o
                0x100036c8                usbd_control_reset
 .text.usbd_control_set_complete_callback
                0x100036dc        0xc CMakeFiles/uart_to_hid.dir/home/bilal/.pico-sdk/sdk/2.2.0/lib/tinyusb/src/device/usbd_control.c.o
                0x100036dc                usbd_control_set_complete_callback
 .text.usbd_control_set_request
                0x100036e8       0x1c CMakeFiles/uart_to_hid.dir/home/bilal/.pico-sdk/sdk/2.2.0/lib/tinyusb/src/device/usbd_control.c.o
                0x100036e8                usbd_control_set_request
 .text.usbd_control_xfer_cb
                0x10003704       0xec CMakeFiles/uart_to_hid.dir/home/bilal/.pico-sdk/sdk/2.2.0/lib/tinyusb/src/device/usbd_control.c.o
                0x10003704                usbd_control_xfer_cb
 .text.tud_hid_set_protocol_cb
                0x100037f0        0x4 CMakeFiles/uart_to_hid.dir/home/bilal/.pico-sdk/sdk/2.2.0/lib/tinyusb/src/class/hid/hid_device.c.o
                0x100037f0                tud_hid_set_protocol_cb
 .text.tud_hid_set_idle_cb
                0x100037f4        0x4 CMakeFiles/uart_to_hid.dir/home/bilal/.pico-sdk/sdk/2.2.0/lib/tinyusb/src/class/hid/hid_device.c.o
                0x100037f4                tud_hid_set_idle_cb
 .text.tud_hid_report_complete_cb
                0x100037f8        0x4 CMakeFiles/uart_to_hid.dir/home/bilal/.pico-sdk/sdk/2.2.0/lib/tinyusb/src/class/hid/hid_device.c.o
                0x100037f8                tud_hid_report_complete_cb
 .text.tud_hid_report_failed_cb
                0x100037fc        0x4 CMakeFiles/uart_to_hid.dir/home/bilal/.pico-sdk/sdk/2.2.0/lib/tinyusb/src/class/hid/hid_device.c.o
                0x100037fc                tud_hid_report_failed_cb
 .text.tud_hid_n_ready
                0x10003800       0x38 CMakeFiles/uart_to_hid.dir/home/bilal/.pico-sdk/sdk/2.2.0/lib/tinyusb/src/class/hid/hid_device.c.o
                0x10003800                tud_hid_n_ready
 .text.tud_hid_n_keyboard_report
                0x10003838       0x84 CMakeFiles/uart_to_hid.dir/home/bilal/.pico-sdk/sdk/2.2.0/lib/tinyusb/src/class/hid/hid_device.c.o
                0x10003838                tud_hid_n_keyboard_report
 .text.tud_hid_n_abs_mouse_report
                0x100038bc       0x98 CMakeFiles/uart_to_hid.dir/home/bilal/.pico-sdk/sdk/2.2.0/lib/tinyusb/src/class/hid/hid_device.c.o
                0x100038bc                tud_hid_n_abs_mouse_report
 .text.hidd_init
                0x10003954       0x14 CMakeFiles/uart_to_hid.dir/home/bilal/.pico-sdk/sdk/2.2.0/lib/tinyusb/src/class/hid/hid_device.c.o
                0x10003954                hidd_init
 .text.hidd_deinit
                0x10003968        0x4 CMakeFiles/uart_to_hid.dir/home/bilal/.pico-sdk/sdk/2.2.0/lib/tinyusb/src/class/hid/hid_device.c.o
                0x10003968                hidd_deinit
 .text.hidd_reset
                0x1000396c       0x14 CMakeFiles/uart_to_hid.dir/home/bilal/.pico-sdk/sdk/2.2.0/lib/tinyusb/src/class/hid/hid_device.c.o
                0x1000396c                hidd_reset
 .text.hidd_open
                0x10003980       0x8c CMakeFiles/uart_to_hid.dir/home/bilal/.pico-sdk/sdk/2.2.0/lib/tinyusb/src/class/hid/hid_device.c.o
                0x10003980                hidd_open
 .text.hidd_control_xfer_cb
                0x10003a0c      0x198 CMakeFiles/uart_to_hid.dir/home/bilal/.pico-sdk/sdk/2.2.0/lib/tinyusb/src/class/hid/hid_device.c.o
                0x10003a0c                hidd_control_xfer_cb
 .text.hidd_xfer_cb
                0x10003ba4       0x7c CMakeFiles/uart_to_hid.dir/home/bilal/.pico-sdk/sdk/2.2.0/lib/tinyusb/src/class/hid/hid_device.c.o
                0x10003ba4                hidd_xfer_cb
 .text.tusb_rhport_init
                0x10003c20       0x4c CMakeFiles/uart_to_hid.dir/home/bilal/.pico-sdk/sdk/2.2.0/lib/tinyusb/src/tusb.c.o
                0x10003c20                tusb_rhport_init
 .text.tu_edpt_claim
                0x10003c6c       0x50 CMakeFiles/uart_to_hid.dir/home/bilal/.pico-sdk/sdk/2.2.0/lib/tinyusb/src/tusb.c.o
                0x10003c6c                tu_edpt_claim
 .text.tu_edpt_validate
                0x10003cbc       0x7c CMakeFiles/uart_to_hid.dir/home/bilal/.pico-sdk/sdk/2.2.0/lib/tinyusb/src/tusb.c.o
                0x10003cbc                tu_edpt_validate
 .text.tu_edpt_bind_driver
                0x10003d38       0x34 CMakeFiles/uart_to_hid.dir/home/bilal/.pico-sdk/sdk/2.2.0/lib/tinyusb/src/tusb.c.o
                0x10003d38                tu_edpt_bind_driver
 .text.tu_fifo_read
                0x10003d6c       0x9c CMakeFiles/uart_to_hid.dir/home/bilal/.pico-sdk/sdk/2.2.0/lib/tinyusb/src/common/tusb_fifo.c.o
                0x10003d6c                tu_fifo_read
 .text.tu_fifo_write
                0x10003e08       0xa4 CMakeFiles/uart_to_hid.dir/home/bilal/.pico-sdk/sdk/2.2.0/lib/tinyusb/src/common/tusb_fifo.c.o
                0x10003e08                tu_fifo_write
 .text.tu_fifo_clear
                0x10003eac       0x40 CMakeFiles/uart_to_hid.dir/home/bilal/.pico-sdk/sdk/2.2.0/lib/tinyusb/src/common/tusb_fifo.c.o
                0x10003eac                tu_fifo_clear
 .text.board_init
                0x10003eec       0x30 CMakeFiles/uart_to_hid.dir/home/bilal/.pico-sdk/sdk/2.2.0/lib/tinyusb/hw/bsp/rp2040/family.c.o
                0x10003eec                board_init
 .text.board_led_write
                0x10003f1c       0x14 CMakeFiles/uart_to_hid.dir/home/bilal/.pico-sdk/sdk/2.2.0/lib/tinyusb/hw/bsp/rp2040/family.c.o
                0x10003f1c                board_led_write
 .text.board_get_unique_id
                0x10003f30       0x24 CMakeFiles/uart_to_hid.dir/home/bilal/.pico-sdk/sdk/2.2.0/lib/tinyusb/hw/bsp/rp2040/family.c.o
                0x10003f30                board_get_unique_id
 .text.startup._retrieve_unique_id_on_boot
                0x10003f54       0x10 CMakeFiles/uart_to_hid.dir/home/bilal/.pico-sdk/sdk/2.2.0/src/rp2_common/pico_unique_id/unique_id.c.o
 .text.pico_get_unique_board_id
                0x10003f64       0x10 CMakeFiles/uart_to_hid.dir/home/bilal/.pico-sdk/sdk/2.2.0/src/rp2_common/pico_unique_id/unique_id.c.o
                0x10003f64                pico_get_unique_board_id
 .text.flash_get_unique_id
                0x10003f74       0x3c CMakeFiles/uart_to_hid.dir/home/bilal/.pico-sdk/sdk/2.2.0/src/rp2_common/hardware_flash/flash.c.o
                0x10003f74                flash_get_unique_id
 .text.strlen   0x10003fb0       0x5c /home/bilal/.pico-sdk/toolchain/14_2_Rel1/bin/../lib/gcc/arm-none-eabi/14.2.1/../../../../arm-none-eabi/lib/thumb/v6-m/nofp/libg.a(libc_a-strlen-stub.o)
                0x10003fb0                strlen
 *(.fini)
 .fini          0x1000400c        0x4 /home/bilal/.pico-sdk/toolchain/14_2_Rel1/bin/../lib/gcc/arm-none-eabi/14.2.1/thumb/v6-m/nofp/crti.o
                0x1000400c                _fini
 .fini.__stub   0x10004010       0xb0 linker stubs
 *crtbegin.o(.ctors)
 *crtbegin?.o(.ctors)
 *(EXCLUDE_FILE(*crtend.o *crtend?.o) .ctors)
 *(SORT_BY_NAME(.ctors.*))
 *(.ctors)
 *crtbegin.o(.dtors)
 *crtbegin?.o(.dtors)
 *(EXCLUDE_FILE(*crtend.o *crtend?.o) .dtors)
 *(SORT_BY_NAME(.dtors.*))
 *(.dtors)
                0x100040c0                        . = ALIGN (0x4)
                0x100040c0                        PROVIDE (__preinit_array_start = .)
 *(SORT_BY_NAME(.preinit_array.*))
 .preinit_array.00100
                0x100040c0        0x4 CMakeFiles/uart_to_hid.dir/home/bilal/.pico-sdk/sdk/2.2.0/src/rp2_common/pico_runtime_init/runtime_init.c.o
                0x100040c0                __pre_init_runtime_init_early_resets
 .preinit_array.00101
                0x100040c4        0x4 CMakeFiles/uart_to_hid.dir/home/bilal/.pico-sdk/sdk/2.2.0/src/rp2_common/pico_runtime_init/runtime_init.c.o
                0x100040c4                __pre_init_runtime_init_usb_power_down
 .preinit_array.00275
                0x100040c8        0x4 CMakeFiles/uart_to_hid.dir/home/bilal/.pico-sdk/sdk/2.2.0/src/rp2_common/pico_bit_ops/bit_ops_aeabi.S.o
 .preinit_array.00300
                0x100040cc        0x4 CMakeFiles/uart_to_hid.dir/home/bilal/.pico-sdk/sdk/2.2.0/src/rp2_common/pico_mem_ops/mem_ops_aeabi.S.o
 .preinit_array.00350
                0x100040d0        0x4 CMakeFiles/uart_to_hid.dir/home/bilal/.pico-sdk/sdk/2.2.0/src/rp2_common/pico_double/double_aeabi_rp2040.S.o
 .preinit_array.00350
                0x100040d4        0x4 CMakeFiles/uart_to_hid.dir/home/bilal/.pico-sdk/sdk/2.2.0/src/rp2_common/pico_float/float_aeabi_rp2040.S.o
 .preinit_array.00500
                0x100040d8        0x4 CMakeFiles/uart_to_hid.dir/home/bilal/.pico-sdk/sdk/2.2.0/src/rp2_common/pico_runtime_init/runtime_init.c.o
                0x100040d8                __pre_init_runtime_init_clocks
 .preinit_array.00600
                0x100040dc        0x4 CMakeFiles/uart_to_hid.dir/home/bilal/.pico-sdk/sdk/2.2.0/src/rp2_common/pico_runtime_init/runtime_init.c.o
                0x100040dc                __pre_init_runtime_init_post_clock_resets
 .preinit_array.00700
                0x100040e0        0x4 CMakeFiles/uart_to_hid.dir/home/bilal/.pico-sdk/sdk/2.2.0/src/rp2_common/pico_runtime_init/runtime_init.c.o
                0x100040e0                __pre_init_runtime_init_rp2040_gpio_ie_disable
 .preinit_array.01000
                0x100040e4        0x4 CMakeFiles/uart_to_hid.dir/home/bilal/.pico-sdk/sdk/2.2.0/src/rp2_common/pico_runtime_init/runtime_init.c.o
                0x100040e4                __pre_init_runtime_init_spin_locks_reset
 .preinit_array.01100
                0x100040e8        0x4 CMakeFiles/uart_to_hid.dir/home/bilal/.pico-sdk/sdk/2.2.0/src/common/pico_sync/mutex.c.o
                0x100040e8                __pre_init_runtime_init_mutex
 .preinit_array.10080
                0x100040ec        0x4 CMakeFiles/uart_to_hid.dir/home/bilal/.pico-sdk/sdk/2.2.0/src/rp2_common/pico_runtime_init/runtime_init.c.o
                0x100040ec                __pre_init_runtime_init_install_ram_vector_table
 .preinit_array.11000
                0x100040f0        0x4 CMakeFiles/uart_to_hid.dir/home/bilal/.pico-sdk/sdk/2.2.0/src/common/pico_time/time.c.o
                0x100040f0                __pre_init_runtime_init_default_alarm_pool
 .preinit_array.YYYYY
                0x100040f4        0x4 CMakeFiles/uart_to_hid.dir/home/bilal/.pico-sdk/sdk/2.2.0/src/rp2_common/pico_runtime/runtime.c.o
                0x100040f4                __pre_init_first_per_core_initializer
 .preinit_array.ZZZZZ.01200
                0x100040f8        0x4 CMakeFiles/uart_to_hid.dir/home/bilal/.pico-sdk/sdk/2.2.0/src/rp2_common/hardware_irq/irq.c.o
                0x100040f8                __pre_init_runtime_init_per_core_irq_priorities
 *(.preinit_array)
                0x100040fc                        PROVIDE (__preinit_array_end = .)
                0x100040fc                        . = ALIGN (0x4)
                0x100040fc                        PROVIDE (__init_array_start = .)
 *(SORT_BY_NAME(.init_array.*))
 .init_array.01000
                0x100040fc        0x4 CMakeFiles/uart_to_hid.dir/home/bilal/.pico-sdk/sdk/2.2.0/src/rp2_common/pico_unique_id/unique_id.c.o
 *(.init_array)
 .init_array    0x10004100        0x4 /home/bilal/.pico-sdk/toolchain/14_2_Rel1/bin/../lib/gcc/arm-none-eabi/14.2.1/thumb/v6-m/nofp/crtbegin.o
                0x10004104                        PROVIDE (__init_array_end = .)
                0x10004104                        . = ALIGN (0x4)
                [!provide]                        PROVIDE (__fini_array_start = .)
 *(SORT_BY_NAME(.fini_array.*))
 *(.fini_array)
                [!provide]                        PROVIDE (__fini_array_end = .)
 *(.eh_frame*)
 .eh_frame      0x10004104        0x0 /home/bilal/.pico-sdk/toolchain/14_2_Rel1/bin/../lib/gcc/arm-none-eabi/14.2.1/thumb/v6-m/nofp/crtbegin.o
                0x10004104                        . = ALIGN (0x4)

.glue_7         0x10004104        0x0
 .glue_7        0x10004104        0x0 linker stubs

.glue_7t        0x10004104        0x0
 .glue_7t       0x10004104        0x0 linker stubs

.vfp11_veneer   0x10004104        0x0
 .vfp11_veneer  0x10004104        0x0 linker stubs

.v4_bx          0x10004104        0x0
 .v4_bx         0x10004104        0x0 linker stubs

.iplt           0x10004104        0x0
 .iplt          0x10004104        0x0 /home/bilal/.pico-sdk/toolchain/14_2_Rel1/bin/../lib/gcc/arm-none-eabi/14.2.1/thumb/v6-m/nofp/crtbegin.o

.rodata         0x10004104      0x3b8
 *(EXCLUDE_FILE(*libm.a: *libc.a:*lib_a-mem*.o *libgcc.a:) .rodata*)
 .rodata.main   0x10004104       0x14 CMakeFiles/uart_to_hid.dir/main.c.o
 .rodata.tud_descriptor_string_cb.str1.4
                0x10004118      0x12c CMakeFiles/uart_to_hid.dir/usb_descriptors.c.o
                                 0x11 (size before relaxing)
 .rodata.str1.4
                0x10004244       0x17 CMakeFiles/uart_to_hid.dir/usb_descriptors.c.o
 .rodata.__compound_literal.0
                0x10004244        0x2 CMakeFiles/uart_to_hid.dir/usb_descriptors.c.o
 *fill*         0x10004246        0x2 
 .rodata.desc_configuration
                0x10004248       0x22 CMakeFiles/uart_to_hid.dir/usb_descriptors.c.o
                0x10004248                desc_configuration
 *fill*         0x1000426a        0x2 
 .rodata.desc_hid_report
                0x1000426c       0xd5 CMakeFiles/uart_to_hid.dir/usb_descriptors.c.o
                0x1000426c                desc_hid_report
 *fill*         0x10004341        0x3 
 .rodata.desc_device
                0x10004344       0x12 CMakeFiles/uart_to_hid.dir/usb_descriptors.c.o
                0x10004344                desc_device
 .rodata.panic.str1.4
                0x10004356       0x12 CMakeFiles/uart_to_hid.dir/home/bilal/.pico-sdk/sdk/2.2.0/src/rp2_common/pico_platform_panic/panic.c.o
 .rodata.spin_lock_claim_unused.str1.4
                0x10004356       0x1b CMakeFiles/uart_to_hid.dir/home/bilal/.pico-sdk/sdk/2.2.0/src/rp2_common/hardware_sync/sync.c.o
 .rodata.timer_hardware_alarm_claim.str1.4
                0x10004356       0x22 CMakeFiles/uart_to_hid.dir/home/bilal/.pico-sdk/sdk/2.2.0/src/rp2_common/hardware_timer/timer.c.o
 .rodata.hard_assertion_failure.str1.4
                0x10004356        0xc CMakeFiles/uart_to_hid.dir/home/bilal/.pico-sdk/sdk/2.2.0/src/rp2_common/pico_runtime/runtime.c.o
 .rodata.str1.4
                0x10004356       0x40 CMakeFiles/uart_to_hid.dir/home/bilal/.pico-sdk/sdk/2.2.0/src/rp2_common/pico_standard_binary_info/standard_binary_info.c.o
 *fill*         0x10004356        0x2 
 .rodata.__bi_84
                0x10004358        0xc CMakeFiles/uart_to_hid.dir/home/bilal/.pico-sdk/sdk/2.2.0/src/rp2_common/pico_standard_binary_info/standard_binary_info.c.o
 .rodata.__bi_78
                0x10004364        0xc CMakeFiles/uart_to_hid.dir/home/bilal/.pico-sdk/sdk/2.2.0/src/rp2_common/pico_standard_binary_info/standard_binary_info.c.o
 .rodata.__bi_54
                0x10004370        0xc CMakeFiles/uart_to_hid.dir/home/bilal/.pico-sdk/sdk/2.2.0/src/rp2_common/pico_standard_binary_info/standard_binary_info.c.o
 .rodata.__bi_48
                0x1000437c        0xc CMakeFiles/uart_to_hid.dir/home/bilal/.pico-sdk/sdk/2.2.0/src/rp2_common/pico_standard_binary_info/standard_binary_info.c.o
 .rodata.__bi_42
                0x10004388        0xc CMakeFiles/uart_to_hid.dir/home/bilal/.pico-sdk/sdk/2.2.0/src/rp2_common/pico_standard_binary_info/standard_binary_info.c.o
 .rodata.__bi_34
                0x10004394        0xc CMakeFiles/uart_to_hid.dir/home/bilal/.pico-sdk/sdk/2.2.0/src/rp2_common/pico_standard_binary_info/standard_binary_info.c.o
 .rodata.__bi_26
                0x100043a0        0xc CMakeFiles/uart_to_hid.dir/home/bilal/.pico-sdk/sdk/2.2.0/src/rp2_common/pico_standard_binary_info/standard_binary_info.c.o
 .rodata.crlf_str.0
                0x100043ac        0x2 CMakeFiles/uart_to_hid.dir/home/bilal/.pico-sdk/sdk/2.2.0/src/rp2_common/pico_stdio/stdio.c.o
 .rodata.str1.4
                0x100043ae       0x14 CMakeFiles/uart_to_hid.dir/home/bilal/.pico-sdk/sdk/2.2.0/lib/tinyusb/src/portable/raspberrypi/rp2040/dcd_rp2040.c.o
 .rodata.str1.4
                0x100043ae       0x48 CMakeFiles/uart_to_hid.dir/home/bilal/.pico-sdk/sdk/2.2.0/lib/tinyusb/src/portable/raspberrypi/rp2040/rp2040_usb.c.o
 *fill*         0x100043ae        0x2 
 .rodata.tud_task_ext
                0x100043b0       0x8c CMakeFiles/uart_to_hid.dir/home/bilal/.pico-sdk/sdk/2.2.0/lib/tinyusb/src/device/usbd.c.o
 .rodata        0x1000443c       0x1c CMakeFiles/uart_to_hid.dir/home/bilal/.pico-sdk/sdk/2.2.0/lib/tinyusb/src/device/usbd.c.o
 .rodata._usbd_driver
                0x10004458       0x20 CMakeFiles/uart_to_hid.dir/home/bilal/.pico-sdk/sdk/2.2.0/lib/tinyusb/src/device/usbd.c.o
 .rodata.hidd_control_xfer_cb
                0x10004478       0x30 CMakeFiles/uart_to_hid.dir/home/bilal/.pico-sdk/sdk/2.2.0/lib/tinyusb/src/class/hid/hid_device.c.o
 .rodata.str1.4
                0x100044a8        0x4 CMakeFiles/uart_to_hid.dir/home/bilal/.pico-sdk/sdk/2.2.0/lib/tinyusb/hw/bsp/rp2040/family.c.o
 .rodata.__bi_153.0
                0x100044a8        0xc CMakeFiles/uart_to_hid.dir/home/bilal/.pico-sdk/sdk/2.2.0/lib/tinyusb/hw/bsp/rp2040/family.c.o
 .rodata.__bi_163.1
                0x100044b4        0x8 CMakeFiles/uart_to_hid.dir/home/bilal/.pico-sdk/sdk/2.2.0/lib/tinyusb/hw/bsp/rp2040/family.c.o
                0x100044bc                        . = ALIGN (0x4)
 *(SORT_BY_ALIGNMENT(SORT_BY_NAME(.flashdata*)))
                0x100044bc                        . = ALIGN (0x4)

.ARM.extab
 *(.ARM.extab* .gnu.linkonce.armextab.*)
                0x100044bc                        __exidx_start = .

.ARM.exidx
 *(.ARM.exidx* .gnu.linkonce.armexidx.*)
                0x100044bc                        __exidx_end = .
                0x100044bc                        . = ALIGN (0x4)
                0x100044bc                        __binary_info_start = .

.binary_info    0x100044bc       0x24
 *(.binary_info.keep.*)
 .binary_info.keep.__bi_ptr84
                0x100044bc        0x4 CMakeFiles/uart_to_hid.dir/home/bilal/.pico-sdk/sdk/2.2.0/src/rp2_common/pico_standard_binary_info/standard_binary_info.c.o
 .binary_info.keep.__bi_ptr78
                0x100044c0        0x4 CMakeFiles/uart_to_hid.dir/home/bilal/.pico-sdk/sdk/2.2.0/src/rp2_common/pico_standard_binary_info/standard_binary_info.c.o
 .binary_info.keep.__bi_ptr54
                0x100044c4        0x4 CMakeFiles/uart_to_hid.dir/home/bilal/.pico-sdk/sdk/2.2.0/src/rp2_common/pico_standard_binary_info/standard_binary_info.c.o
 .binary_info.keep.__bi_ptr48
                0x100044c8        0x4 CMakeFiles/uart_to_hid.dir/home/bilal/.pico-sdk/sdk/2.2.0/src/rp2_common/pico_standard_binary_info/standard_binary_info.c.o
 .binary_info.keep.__bi_ptr42
                0x100044cc        0x4 CMakeFiles/uart_to_hid.dir/home/bilal/.pico-sdk/sdk/2.2.0/src/rp2_common/pico_standard_binary_info/standard_binary_info.c.o
 .binary_info.keep.__bi_ptr34
                0x100044d0        0x4 CMakeFiles/uart_to_hid.dir/home/bilal/.pico-sdk/sdk/2.2.0/src/rp2_common/pico_standard_binary_info/standard_binary_info.c.o
 .binary_info.keep.__bi_ptr26
                0x100044d4        0x4 CMakeFiles/uart_to_hid.dir/home/bilal/.pico-sdk/sdk/2.2.0/src/rp2_common/pico_standard_binary_info/standard_binary_info.c.o
 .binary_info.keep.__bi_ptr163
                0x100044d8        0x4 CMakeFiles/uart_to_hid.dir/home/bilal/.pico-sdk/sdk/2.2.0/lib/tinyusb/hw/bsp/rp2040/family.c.o
 .binary_info.keep.__bi_ptr153
                0x100044dc        0x4 CMakeFiles/uart_to_hid.dir/home/bilal/.pico-sdk/sdk/2.2.0/lib/tinyusb/hw/bsp/rp2040/family.c.o
 *(.binary_info.*)
                0x100044e0                        __binary_info_end = .
                0x100044e0                        . = ALIGN (0x4)

.ram_vector_table
                0x20000000       0xc0
 *(.ram_vector_table)
 .ram_vector_table
                0x20000000       0xc0 CMakeFiles/uart_to_hid.dir/home/bilal/.pico-sdk/sdk/2.2.0/src/rp2_common/pico_runtime_init/runtime_init.c.o
                0x20000000                ram_vector_table

.uninitialized_data
                0x200000c0        0x0
                0x200000c0                        . = ALIGN (0x4)
 *(.uninitialized_data*)

.data           0x200000c0      0xfc0 load address 0x100044e0
                0x200000c0                        __data_start__ = .
 *(vtable)
 *(.time_critical*)
 .time_critical.mutex_try_enter_block_until
                0x200000c0       0x98 CMakeFiles/uart_to_hid.dir/home/bilal/.pico-sdk/sdk/2.2.0/src/common/pico_sync/mutex.c.o
                0x200000c0                mutex_try_enter_block_until
 .time_critical.mutex_enter_timeout_ms
                0x20000158       0x8c CMakeFiles/uart_to_hid.dir/home/bilal/.pico-sdk/sdk/2.2.0/src/common/pico_sync/mutex.c.o
                0x20000158                mutex_enter_timeout_ms
 .time_critical.mutex_exit
                0x200001e4       0x28 CMakeFiles/uart_to_hid.dir/home/bilal/.pico-sdk/sdk/2.2.0/src/common/pico_sync/mutex.c.o
                0x200001e4                mutex_exit
 .time_critical.reset_non_control_endpoints
                0x2000020c       0x68 CMakeFiles/uart_to_hid.dir/home/bilal/.pico-sdk/sdk/2.2.0/lib/tinyusb/src/portable/raspberrypi/rp2040/dcd_rp2040.c.o
 .time_critical.hw_handle_buff_status
                0x20000274       0xa0 CMakeFiles/uart_to_hid.dir/home/bilal/.pico-sdk/sdk/2.2.0/lib/tinyusb/src/portable/raspberrypi/rp2040/dcd_rp2040.c.o
 .time_critical.dcd_rp2040_irq
                0x20000314      0x548 CMakeFiles/uart_to_hid.dir/home/bilal/.pico-sdk/sdk/2.2.0/lib/tinyusb/src/portable/raspberrypi/rp2040/dcd_rp2040.c.o
 .time_critical.prepare_ep_buffer
                0x2000085c       0xc8 CMakeFiles/uart_to_hid.dir/home/bilal/.pico-sdk/sdk/2.2.0/lib/tinyusb/src/portable/raspberrypi/rp2040/rp2040_usb.c.o
 .time_critical.sync_ep_buffer
                0x20000924       0x9c CMakeFiles/uart_to_hid.dir/home/bilal/.pico-sdk/sdk/2.2.0/lib/tinyusb/src/portable/raspberrypi/rp2040/rp2040_usb.c.o
 .time_critical._hw_endpoint_xfer_sync
                0x200009c0       0x28 CMakeFiles/uart_to_hid.dir/home/bilal/.pico-sdk/sdk/2.2.0/lib/tinyusb/src/portable/raspberrypi/rp2040/rp2040_usb.c.o
 .time_critical.e15_is_bulkin_ep
                0x200009e8       0x28 CMakeFiles/uart_to_hid.dir/home/bilal/.pico-sdk/sdk/2.2.0/lib/tinyusb/src/portable/raspberrypi/rp2040/rp2040_usb.c.o
 .time_critical.e15_is_critical_frame_period
                0x20000a10       0x34 CMakeFiles/uart_to_hid.dir/home/bilal/.pico-sdk/sdk/2.2.0/lib/tinyusb/src/portable/raspberrypi/rp2040/rp2040_usb.c.o
 .time_critical.hw_endpoint_reset_transfer
                0x20000a44        0xc CMakeFiles/uart_to_hid.dir/home/bilal/.pico-sdk/sdk/2.2.0/lib/tinyusb/src/portable/raspberrypi/rp2040/rp2040_usb.c.o
                0x20000a44                hw_endpoint_reset_transfer
 .time_critical._hw_endpoint_buffer_control_update32
                0x20000a50       0x50 CMakeFiles/uart_to_hid.dir/home/bilal/.pico-sdk/sdk/2.2.0/lib/tinyusb/src/portable/raspberrypi/rp2040/rp2040_usb.c.o
                0x20000a50                _hw_endpoint_buffer_control_update32
 .time_critical.hw_endpoint_start_next_buffer
                0x20000aa0       0x68 CMakeFiles/uart_to_hid.dir/home/bilal/.pico-sdk/sdk/2.2.0/lib/tinyusb/src/portable/raspberrypi/rp2040/rp2040_usb.c.o
                0x20000aa0                hw_endpoint_start_next_buffer
 .time_critical.hw_endpoint_xfer_continue
                0x20000b08       0x40 CMakeFiles/uart_to_hid.dir/home/bilal/.pico-sdk/sdk/2.2.0/lib/tinyusb/src/portable/raspberrypi/rp2040/rp2040_usb.c.o
                0x20000b08                hw_endpoint_xfer_continue
 .time_critical.tinyusb
                0x20000b48      0x1e0 CMakeFiles/uart_to_hid.dir/home/bilal/.pico-sdk/sdk/2.2.0/lib/tinyusb/src/device/usbd.c.o
                0x20000b48                dcd_event_handler
 .time_critical.flash_init_boot2_copyout
                0x20000d28       0x30 CMakeFiles/uart_to_hid.dir/home/bilal/.pico-sdk/sdk/2.2.0/src/rp2_common/hardware_flash/flash.c.o
 .time_critical.flash_enable_xip_via_boot2
                0x20000d58        0xc CMakeFiles/uart_to_hid.dir/home/bilal/.pico-sdk/sdk/2.2.0/src/rp2_common/hardware_flash/flash.c.o
 .time_critical.flash_save_hardware_state
                0x20000d64       0x20 CMakeFiles/uart_to_hid.dir/home/bilal/.pico-sdk/sdk/2.2.0/src/rp2_common/hardware_flash/flash.c.o
 .time_critical.flash_restore_hardware_state
                0x20000d84       0x20 CMakeFiles/uart_to_hid.dir/home/bilal/.pico-sdk/sdk/2.2.0/src/rp2_common/hardware_flash/flash.c.o
 .time_critical.flash_cs_force
                0x20000da4       0x38 CMakeFiles/uart_to_hid.dir/home/bilal/.pico-sdk/sdk/2.2.0/src/rp2_common/hardware_flash/flash.c.o
 .time_critical.flash_do_cmd
                0x20000ddc      0x13c CMakeFiles/uart_to_hid.dir/home/bilal/.pico-sdk/sdk/2.2.0/src/rp2_common/hardware_flash/flash.c.o
                0x20000ddc                flash_do_cmd
 *(.text*)
 .text          0x20000f18        0x4 /home/bilal/.pico-sdk/toolchain/14_2_Rel1/bin/../lib/gcc/arm-none-eabi/14.2.1/thumb/v6-m/nofp/libgcc.a(_dvmd_tls.o)
                0x20000f18                __aeabi_ldiv0
                0x20000f18                __aeabi_idiv0
 *fill*         0x20000f1c        0x4 
 .text.__stub   0x20000f20       0x80 linker stubs
                0x20000fa0                        . = ALIGN (0x4)
 *(.rodata*)
                0x20000fa0                        . = ALIGN (0x4)
 *(.data*)
 .data.blink_interval_ms
                0x20000fa0        0x4 CMakeFiles/uart_to_hid.dir/main.c.o
 .data.string_desc_arr
                0x20000fa4       0x10 CMakeFiles/uart_to_hid.dir/usb_descriptors.c.o
                0x20000fa4                string_desc_arr
 .data.striped_spin_lock_num
                0x20000fb4        0x1 CMakeFiles/uart_to_hid.dir/home/bilal/.pico-sdk/sdk/2.2.0/src/rp2_common/hardware_sync/sync.c.o
 *fill*         0x20000fb5        0x3 
 .data          0x20000fb8       0x48 CMakeFiles/uart_to_hid.dir/home/bilal/.pico-sdk/sdk/2.2.0/src/rp2_common/hardware_irq/irq_handler_chain.S.o
                0x20000fb8                irq_handler_chain_slots
                0x20000fe8                irq_handler_chain_first_slot
                0x20000ff2                irq_handler_chain_remove_tail
 .data.default_alarm_pool
                0x20001000       0x18 CMakeFiles/uart_to_hid.dir/home/bilal/.pico-sdk/sdk/2.2.0/src/common/pico_time/time.c.o
 *fill*         0x20001018        0x8 
 .data.aeabi_bits_funcs
                0x20001020       0x10 CMakeFiles/uart_to_hid.dir/home/bilal/.pico-sdk/sdk/2.2.0/src/rp2_common/pico_bit_ops/bit_ops_aeabi.S.o
                0x20001020                aeabi_bits_funcs
                0x20001030                aeabi_bits_funcs_end
 .data.aeabi_mem_funcs
                0x20001030       0x10 CMakeFiles/uart_to_hid.dir/home/bilal/.pico-sdk/sdk/2.2.0/src/rp2_common/pico_mem_ops/mem_ops_aeabi.S.o
                0x20001030                aeabi_mem_funcs
                0x20001040                aeabi_mem_funcs_end
 .data.stdio_uart
                0x20001040       0x18 CMakeFiles/uart_to_hid.dir/home/bilal/.pico-sdk/sdk/2.2.0/src/rp2_common/pico_stdio_uart/stdio_uart.c.o
                0x20001040                stdio_uart
 .data._usbd_qdef
                0x20001058       0x1c CMakeFiles/uart_to_hid.dir/home/bilal/.pico-sdk/sdk/2.2.0/lib/tinyusb/src/device/usbd.c.o
                0x20001058                _usbd_qdef
 .data._usbd_rhport
                0x20001074        0x1 CMakeFiles/uart_to_hid.dir/home/bilal/.pico-sdk/sdk/2.2.0/lib/tinyusb/src/device/usbd.c.o
                0x20001078                        . = ALIGN (0x4)
 *fill*         0x20001075        0x3 
 *(.after_data.*)
                0x20001078                        . = ALIGN (0x4)
                0x20001078                        PROVIDE (__mutex_array_start = .)
 *(SORT_BY_NAME(.mutex_array.*))
 *(.mutex_array)
 .mutex_array   0x20001078        0x8 CMakeFiles/uart_to_hid.dir/home/bilal/.pico-sdk/sdk/2.2.0/src/rp2_common/pico_stdio/stdio.c.o
                0x20001080                        PROVIDE (__mutex_array_end = .)
                0x20001080                        . = ALIGN (0x4)
 *(.jcr)
                0x20001080                        . = ALIGN (0x4)

.tm_clone_table
                0x20001080        0x0 load address 0x100054a0
 .tm_clone_table
                0x20001080        0x0 /home/bilal/.pico-sdk/toolchain/14_2_Rel1/bin/../lib/gcc/arm-none-eabi/14.2.1/thumb/v6-m/nofp/crtbegin.o
 .tm_clone_table
                0x20001080        0x0 /home/bilal/.pico-sdk/toolchain/14_2_Rel1/bin/../lib/gcc/arm-none-eabi/14.2.1/thumb/v6-m/nofp/crtend.o

.igot.plt       0x20001080        0x0 load address 0x100054a0
 .igot.plt      0x20001080        0x0 /home/bilal/.pico-sdk/toolchain/14_2_Rel1/bin/../lib/gcc/arm-none-eabi/14.2.1/thumb/v6-m/nofp/crtbegin.o

.tdata          0x20001080        0x0 load address 0x100054a0
                0x20001080                        . = ALIGN (0x4)
 *(.tdata .tdata.* .gnu.linkonce.td.*)
                0x20001080                        __tdata_end = .
                0x20001080                        PROVIDE (__data_end__ = .)
                0x100044e0                        __etext = LOADADDR (.data)

.tbss           0x20001080        0x0 load address 0x100054a0
                0x20001080                        . = ALIGN (0x4)
                0x20001080                        __bss_start__ = .
                0x20001080                        __tls_base = .
 *(.tbss .tbss.* .gnu.linkonce.tb.*)
 *(.tcommon)
                0x20001080                        __tls_end = .

.bss            0x20001080      0xb60 load address 0x100054a0
                0x20001080                        . = ALIGN (0x4)
                0x20001080                        __tbss_end = .
 *(SORT_BY_ALIGNMENT(SORT_BY_NAME(.bss*)))
 .bss.default_alarm_pool_entries
                0x20001080      0x180 CMakeFiles/uart_to_hid.dir/home/bilal/.pico-sdk/sdk/2.2.0/src/common/pico_time/time.c.o
 .bss.rx_buf    0x20001200       0x40 CMakeFiles/uart_to_hid.dir/main.c.o
 .bss.sd_table  0x20001240      0x100 CMakeFiles/uart_to_hid.dir/home/bilal/.pico-sdk/sdk/2.2.0/src/rp2_common/pico_double/double_init_rom_rp2040.c.o
                0x20001240                sd_table
 .bss.sf_table  0x20001340      0x100 CMakeFiles/uart_to_hid.dir/home/bilal/.pico-sdk/sdk/2.2.0/src/rp2_common/pico_float/float_init_rom_rp2040.c.o
                0x20001340                sf_table
 .bss._app_driver
                0x20001440        0x4 CMakeFiles/uart_to_hid.dir/home/bilal/.pico-sdk/sdk/2.2.0/lib/tinyusb/src/device/usbd.c.o
 .bss._ctrl_epbuf
                0x20001444       0x40 CMakeFiles/uart_to_hid.dir/home/bilal/.pico-sdk/sdk/2.2.0/lib/tinyusb/src/device/usbd_control.c.o
 .bss._ctrl_xfer
                0x20001484       0x14 CMakeFiles/uart_to_hid.dir/home/bilal/.pico-sdk/sdk/2.2.0/lib/tinyusb/src/device/usbd_control.c.o
 .bss._desc_str
                0x20001498       0x42 CMakeFiles/uart_to_hid.dir/usb_descriptors.c.o
 *fill*         0x200014da        0x2 
 .bss._hidd_epbuf
                0x200014dc       0x30 CMakeFiles/uart_to_hid.dir/home/bilal/.pico-sdk/sdk/2.2.0/lib/tinyusb/src/class/hid/hid_device.c.o
 .bss._hidd_itf
                0x2000150c        0xc CMakeFiles/uart_to_hid.dir/home/bilal/.pico-sdk/sdk/2.2.0/lib/tinyusb/src/class/hid/hid_device.c.o
 .bss._tusb_rhport_role
                0x20001518        0x2 CMakeFiles/uart_to_hid.dir/home/bilal/.pico-sdk/sdk/2.2.0/lib/tinyusb/src/tusb.c.o
                0x20001518                _tusb_rhport_role
 *fill*         0x2000151a        0x2 
 .bss._ubsd_mutexdef
                0x2000151c        0x8 CMakeFiles/uart_to_hid.dir/home/bilal/.pico-sdk/sdk/2.2.0/lib/tinyusb/src/device/usbd.c.o
 .bss._usbd_dev
                0x20001524       0x54 CMakeFiles/uart_to_hid.dir/home/bilal/.pico-sdk/sdk/2.2.0/lib/tinyusb/src/device/usbd.c.o
 .bss._usbd_mutex
                0x20001578        0x4 CMakeFiles/uart_to_hid.dir/home/bilal/.pico-sdk/sdk/2.2.0/lib/tinyusb/src/device/usbd.c.o
 .bss._usbd_q   0x2000157c        0x4 CMakeFiles/uart_to_hid.dir/home/bilal/.pico-sdk/sdk/2.2.0/lib/tinyusb/src/device/usbd.c.o
 .bss._usbd_qdef_buf
                0x20001580       0xc0 CMakeFiles/uart_to_hid.dir/home/bilal/.pico-sdk/sdk/2.2.0/lib/tinyusb/src/device/usbd.c.o
                0x20001580                _usbd_qdef_buf
 .bss.boot2_copyout
                0x20001640      0x100 CMakeFiles/uart_to_hid.dir/home/bilal/.pico-sdk/sdk/2.2.0/src/rp2_common/hardware_flash/flash.c.o
 .bss.chars_available_callback
                0x20001740        0x4 CMakeFiles/uart_to_hid.dir/home/bilal/.pico-sdk/sdk/2.2.0/src/rp2_common/pico_stdio_uart/stdio_uart.c.o
 .bss.chars_available_param
                0x20001744        0x4 CMakeFiles/uart_to_hid.dir/home/bilal/.pico-sdk/sdk/2.2.0/src/rp2_common/pico_stdio_uart/stdio_uart.c.o
 .bss.claimed   0x20001748        0x4 CMakeFiles/uart_to_hid.dir/home/bilal/.pico-sdk/sdk/2.2.0/src/rp2_common/hardware_sync/sync.c.o
 .bss.claimed   0x2000174c        0x1 CMakeFiles/uart_to_hid.dir/home/bilal/.pico-sdk/sdk/2.2.0/src/rp2_common/hardware_timer/timer.c.o
 *fill*         0x2000174d        0x3 
 .bss.configured_freq
                0x20001750       0x28 CMakeFiles/uart_to_hid.dir/home/bilal/.pico-sdk/sdk/2.2.0/src/rp2_common/hardware_clocks/clocks.c.o
 .bss.drivers   0x20001778        0x4 CMakeFiles/uart_to_hid.dir/home/bilal/.pico-sdk/sdk/2.2.0/src/rp2_common/pico_stdio/stdio.c.o
 .bss.e15_last_sof
                0x2000177c        0x4 CMakeFiles/uart_to_hid.dir/home/bilal/.pico-sdk/sdk/2.2.0/lib/tinyusb/src/portable/raspberrypi/rp2040/rp2040_usb.c.o
                0x2000177c                e15_last_sof
 .bss.filter    0x20001780        0x4 CMakeFiles/uart_to_hid.dir/home/bilal/.pico-sdk/sdk/2.2.0/src/rp2_common/pico_stdio/stdio.c.o
 .bss.hw_endpoints
                0x20001784      0x400 CMakeFiles/uart_to_hid.dir/home/bilal/.pico-sdk/sdk/2.2.0/lib/tinyusb/src/portable/raspberrypi/rp2040/dcd_rp2040.c.o
 .bss.lazy_vsnprintf
                0x20001b84        0x4 CMakeFiles/uart_to_hid.dir/home/bilal/.pico-sdk/sdk/2.2.0/src/rp2_common/pico_printf/printf.c.o
 .bss.next_buffer_ptr
                0x20001b88        0x4 CMakeFiles/uart_to_hid.dir/home/bilal/.pico-sdk/sdk/2.2.0/lib/tinyusb/src/portable/raspberrypi/rp2040/dcd_rp2040.c.o
 .bss.object.0  0x20001b8c       0x18 /home/bilal/.pico-sdk/toolchain/14_2_Rel1/bin/../lib/gcc/arm-none-eabi/14.2.1/thumb/v6-m/nofp/crtbegin.o
 .bss.pools     0x20001ba4       0x10 CMakeFiles/uart_to_hid.dir/home/bilal/.pico-sdk/sdk/2.2.0/src/common/pico_time/time.c.o
 .bss.retrieved_id
                0x20001bb4        0x8 CMakeFiles/uart_to_hid.dir/home/bilal/.pico-sdk/sdk/2.2.0/src/rp2_common/pico_unique_id/unique_id.c.o
 .bss.sf_clz_func
                0x20001bbc        0x4 CMakeFiles/uart_to_hid.dir/home/bilal/.pico-sdk/sdk/2.2.0/src/rp2_common/pico_double/double_init_rom_rp2040.c.o
                0x20001bbc                sf_clz_func
 .bss.sleep_notifier
                0x20001bc0        0x4 CMakeFiles/uart_to_hid.dir/home/bilal/.pico-sdk/sdk/2.2.0/src/common/pico_time/time.c.o
 .bss.start_ms.1
                0x20001bc4        0x4 CMakeFiles/uart_to_hid.dir/main.c.o
 .bss.uart_char_to_line_feed
                0x20001bc8        0x4 CMakeFiles/uart_to_hid.dir/home/bilal/.pico-sdk/sdk/2.2.0/src/rp2_common/hardware_uart/uart.c.o
                0x20001bc8                uart_char_to_line_feed
 .bss.uart_inst
                0x20001bcc        0x4 CMakeFiles/uart_to_hid.dir/home/bilal/.pico-sdk/sdk/2.2.0/lib/tinyusb/hw/bsp/rp2040/family.c.o
 .bss.uart_instance
                0x20001bd0        0x4 CMakeFiles/uart_to_hid.dir/home/bilal/.pico-sdk/sdk/2.2.0/src/rp2_common/pico_stdio_uart/stdio_uart.c.o
 .bss._app_driver_count
                0x20001bd4        0x1 CMakeFiles/uart_to_hid.dir/home/bilal/.pico-sdk/sdk/2.2.0/lib/tinyusb/src/device/usbd.c.o
 .bss._sof_enable
                0x20001bd5        0x1 CMakeFiles/uart_to_hid.dir/home/bilal/.pico-sdk/sdk/2.2.0/lib/tinyusb/src/portable/raspberrypi/rp2040/dcd_rp2040.c.o
 .bss._usbd_queued_setup
                0x20001bd6        0x1 CMakeFiles/uart_to_hid.dir/home/bilal/.pico-sdk/sdk/2.2.0/lib/tinyusb/src/device/usbd.c.o
 .bss.boot2_copyout_valid
                0x20001bd7        0x1 CMakeFiles/uart_to_hid.dir/home/bilal/.pico-sdk/sdk/2.2.0/src/rp2_common/hardware_flash/flash.c.o
 .bss.irq_handler_chain_free_slot_head
                0x20001bd8        0x1 CMakeFiles/uart_to_hid.dir/home/bilal/.pico-sdk/sdk/2.2.0/src/rp2_common/hardware_irq/irq.c.o
 .bss.led_state.0
                0x20001bd9        0x1 CMakeFiles/uart_to_hid.dir/main.c.o
 .bss.rx_len    0x20001bda        0x1 CMakeFiles/uart_to_hid.dir/main.c.o
 .bss.rx_pos    0x20001bdb        0x1 CMakeFiles/uart_to_hid.dir/main.c.o
 .bss.rx_state  0x20001bdc        0x1 CMakeFiles/uart_to_hid.dir/main.c.o
 .bss.rx_type   0x20001bdd        0x1 CMakeFiles/uart_to_hid.dir/main.c.o
 *(COMMON)
                0x20001be0                        . = ALIGN (0x4)
 *fill*         0x20001bde        0x2 
                0x20001be0                        __bss_end__ = .

.heap           0x20001be0      0x800 load address 0x100054a0
                0x20001be0                        __end__ = .
                0x20001be0                        end = __end__
 *(.heap*)
 .heap          0x20001be0      0x800 CMakeFiles/uart_to_hid.dir/home/bilal/.pico-sdk/sdk/2.2.0/src/rp2_common/pico_crt0/crt0.S.o
                0x20040000                        __HeapLimit = (ORIGIN (RAM) + LENGTH (RAM))

.scratch_x      0x20040000        0x0 load address 0x100054a0
                0x20040000                        __scratch_x_start__ = .
 *(.scratch_x.*)
                0x20040000                        . = ALIGN (0x4)
                0x20040000                        __scratch_x_end__ = .
                0x100054a0                        __scratch_x_source__ = LOADADDR (.scratch_x)

.scratch_y      0x20041000        0x0 load address 0x100054a0
                0x20041000                        __scratch_y_start__ = .
 *(.scratch_y.*)
                0x20041000                        . = ALIGN (0x4)
                0x20041000                        __scratch_y_end__ = .
                0x100054a0                        __scratch_y_source__ = LOADADDR (.scratch_y)

.stack1_dummy
 *(.stack1*)

.stack_dummy    0x20041000      0x800
 *(.stack*)
 .stack         0x20041000      0x800 CMakeFiles/uart_to_hid.dir/home/bilal/.pico-sdk/sdk/2.2.0/src/rp2_common/pico_crt0/crt0.S.o

.rel.dyn        0x20041800        0x0
 .rel.iplt      0x20041800        0x0 /home/bilal/.pico-sdk/toolchain/14_2_Rel1/bin/../lib/gcc/arm-none-eabi/14.2.1/thumb/v6-m/nofp/crtbegin.o

.flash_end      0x100054a0        0x0
 *(.embedded_end_block*)
                0x100054a0                        PROVIDE (__flash_binary_end = .)
                0x20040000                        __StackLimit = (ORIGIN (RAM) + LENGTH (RAM))
                0x20041000                        __StackOneTop = (ORIGIN (SCRATCH_X) + LENGTH (SCRATCH_X))
                0x20042000                        __StackTop = (ORIGIN (SCRATCH_Y) + LENGTH (SCRATCH_Y))
                0x20041000                        __StackOneBottom = (__StackOneTop - SIZEOF (.stack1_dummy))
                0x20041800                        __StackBottom = (__StackTop - SIZEOF (.stack_dummy))
                0x20042000                        PROVIDE (__stack = __StackTop)
                [!provide]                        PROVIDE (__heap_start = __end__)
                [!provide]                        PROVIDE (__heap_end = __HeapLimit)
                [!provide]                        PROVIDE (__tls_align = MAX (ALIGNOF (.tdata), ALIGNOF (.tbss)))
                [!provide]                        PROVIDE (__tls_size_align = (((__tls_size + __tls_align) - 0x1) & ~ ((__tls_align - 0x1))))
                [!provide]                        PROVIDE (__arm32_tls_tcb_offset = MAX (0x8, __tls_align))
                [!provide]                        PROVIDE (_end = __end__)
                [!provide]                        PROVIDE (__llvm_libc_heap_limit = __HeapLimit)
                0x00000001                        ASSERT ((__StackLimit >= __HeapLimit), region RAM overflowed)
                0x00000001                        ASSERT (((__binary_info_header_end - __logical_binary_start) <= 0x100), Binary info must be in first 256 bytes of the binary)
LOAD CMakeFiles/uart_to_hid.dir/main.c.o
LOAD CMakeFiles/uart_to_hid.dir/usb_descriptors.c.o
LOAD CMakeFiles/uart_to_hid.dir/home/bilal/.pico-sdk/sdk/2.2.0/src/rp2_common/pico_stdlib/stdlib.c.o
LOAD CMakeFiles/uart_to_hid.dir/home/bilal/.pico-sdk/sdk/2.2.0/src/rp2_common/hardware_gpio/gpio.c.o
LOAD CMakeFiles/uart_to_hid.dir/home/bilal/.pico-sdk/sdk/2.2.0/src/rp2040/pico_platform/platform.c.o
LOAD CMakeFiles/uart_to_hid.dir/home/bilal/.pico-sdk/sdk/2.2.0/src/rp2_common/pico_platform_common/common.c.o
LOAD CMakeFiles/uart_to_hid.dir/home/bilal/.pico-sdk/sdk/2.2.0/src/rp2_common/pico_platform_panic/panic.c.o
LOAD CMakeFiles/uart_to_hid.dir/home/bilal/.pico-sdk/sdk/2.2.0/src/common/hardware_claim/claim.c.o
LOAD CMakeFiles/uart_to_hid.dir/home/bilal/.pico-sdk/sdk/2.2.0/src/rp2_common/hardware_sync/sync.c.o
LOAD CMakeFiles/uart_to_hid.dir/home/bilal/.pico-sdk/sdk/2.2.0/src/rp2_common/hardware_sync_spin_lock/sync_spin_lock.c.o
LOAD CMakeFiles/uart_to_hid.dir/home/bilal/.pico-sdk/sdk/2.2.0/src/rp2_common/hardware_irq/irq.c.o
LOAD CMakeFiles/uart_to_hid.dir/home/bilal/.pico-sdk/sdk/2.2.0/src/rp2_common/hardware_irq/irq_handler_chain.S.o
LOAD CMakeFiles/uart_to_hid.dir/home/bilal/.pico-sdk/sdk/2.2.0/src/common/pico_sync/sem.c.o
LOAD CMakeFiles/uart_to_hid.dir/home/bilal/.pico-sdk/sdk/2.2.0/src/common/pico_sync/lock_core.c.o
LOAD CMakeFiles/uart_to_hid.dir/home/bilal/.pico-sdk/sdk/2.2.0/src/common/pico_sync/mutex.c.o
LOAD CMakeFiles/uart_to_hid.dir/home/bilal/.pico-sdk/sdk/2.2.0/src/common/pico_sync/critical_section.c.o
LOAD CMakeFiles/uart_to_hid.dir/home/bilal/.pico-sdk/sdk/2.2.0/src/common/pico_time/time.c.o
LOAD CMakeFiles/uart_to_hid.dir/home/bilal/.pico-sdk/sdk/2.2.0/src/common/pico_time/timeout_helper.c.o
LOAD CMakeFiles/uart_to_hid.dir/home/bilal/.pico-sdk/sdk/2.2.0/src/rp2_common/hardware_timer/timer.c.o
LOAD CMakeFiles/uart_to_hid.dir/home/bilal/.pico-sdk/sdk/2.2.0/src/common/pico_util/datetime.c.o
LOAD CMakeFiles/uart_to_hid.dir/home/bilal/.pico-sdk/sdk/2.2.0/src/common/pico_util/pheap.c.o
LOAD CMakeFiles/uart_to_hid.dir/home/bilal/.pico-sdk/sdk/2.2.0/src/common/pico_util/queue.c.o
LOAD CMakeFiles/uart_to_hid.dir/home/bilal/.pico-sdk/sdk/2.2.0/src/rp2_common/hardware_uart/uart.c.o
LOAD CMakeFiles/uart_to_hid.dir/home/bilal/.pico-sdk/sdk/2.2.0/src/rp2_common/hardware_clocks/clocks.c.o
LOAD CMakeFiles/uart_to_hid.dir/home/bilal/.pico-sdk/sdk/2.2.0/src/rp2_common/hardware_pll/pll.c.o
LOAD CMakeFiles/uart_to_hid.dir/home/bilal/.pico-sdk/sdk/2.2.0/src/rp2_common/hardware_vreg/vreg.c.o
LOAD CMakeFiles/uart_to_hid.dir/home/bilal/.pico-sdk/sdk/2.2.0/src/rp2_common/hardware_watchdog/watchdog.c.o
LOAD CMakeFiles/uart_to_hid.dir/home/bilal/.pico-sdk/sdk/2.2.0/src/rp2_common/hardware_ticks/ticks.c.o
LOAD CMakeFiles/uart_to_hid.dir/home/bilal/.pico-sdk/sdk/2.2.0/src/rp2_common/pico_bootrom/bootrom.c.o
LOAD CMakeFiles/uart_to_hid.dir/home/bilal/.pico-sdk/sdk/2.2.0/src/rp2_common/pico_bootrom/bootrom_lock.c.o
LOAD CMakeFiles/uart_to_hid.dir/home/bilal/.pico-sdk/sdk/2.2.0/src/rp2_common/hardware_boot_lock/boot_lock.c.o
LOAD CMakeFiles/uart_to_hid.dir/home/bilal/.pico-sdk/sdk/2.2.0/src/rp2_common/pico_flash/flash.c.o
LOAD CMakeFiles/uart_to_hid.dir/home/bilal/.pico-sdk/sdk/2.2.0/src/rp2_common/hardware_xosc/xosc.c.o
LOAD CMakeFiles/uart_to_hid.dir/home/bilal/.pico-sdk/sdk/2.2.0/src/rp2_common/hardware_divider/divider.S.o
LOAD CMakeFiles/uart_to_hid.dir/home/bilal/.pico-sdk/sdk/2.2.0/src/rp2_common/pico_runtime/runtime.c.o
LOAD CMakeFiles/uart_to_hid.dir/home/bilal/.pico-sdk/sdk/2.2.0/src/rp2_common/pico_runtime_init/runtime_init.c.o
LOAD CMakeFiles/uart_to_hid.dir/home/bilal/.pico-sdk/sdk/2.2.0/src/rp2_common/pico_runtime_init/runtime_init_clocks.c.o
LOAD CMakeFiles/uart_to_hid.dir/home/bilal/.pico-sdk/sdk/2.2.0/src/rp2_common/pico_runtime_init/runtime_init_stack_guard.c.o
LOAD CMakeFiles/uart_to_hid.dir/home/bilal/.pico-sdk/sdk/2.2.0/src/rp2_common/pico_bit_ops/bit_ops_aeabi.S.o
LOAD CMakeFiles/uart_to_hid.dir/home/bilal/.pico-sdk/sdk/2.2.0/src/rp2_common/pico_divider/divider_hardware.S.o
LOAD CMakeFiles/uart_to_hid.dir/home/bilal/.pico-sdk/sdk/2.2.0/src/rp2_common/pico_double/double_aeabi_rp2040.S.o
LOAD CMakeFiles/uart_to_hid.dir/home/bilal/.pico-sdk/sdk/2.2.0/src/rp2_common/pico_double/double_init_rom_rp2040.c.o
LOAD CMakeFiles/uart_to_hid.dir/home/bilal/.pico-sdk/sdk/2.2.0/src/rp2_common/pico_double/double_math.c.o
LOAD CMakeFiles/uart_to_hid.dir/home/bilal/.pico-sdk/sdk/2.2.0/src/rp2_common/pico_double/double_v1_rom_shim_rp2040.S.o
LOAD CMakeFiles/uart_to_hid.dir/home/bilal/.pico-sdk/sdk/2.2.0/src/rp2_common/pico_int64_ops/pico_int64_ops_aeabi.S.o
LOAD CMakeFiles/uart_to_hid.dir/home/bilal/.pico-sdk/sdk/2.2.0/src/rp2_common/pico_float/float_aeabi_rp2040.S.o
LOAD CMakeFiles/uart_to_hid.dir/home/bilal/.pico-sdk/sdk/2.2.0/src/rp2_common/pico_float/float_init_rom_rp2040.c.o
LOAD CMakeFiles/uart_to_hid.dir/home/bilal/.pico-sdk/sdk/2.2.0/src/rp2_common/pico_float/float_math.c.o
LOAD CMakeFiles/uart_to_hid.dir/home/bilal/.pico-sdk/sdk/2.2.0/src/rp2_common/pico_float/float_v1_rom_shim_rp2040.S.o
LOAD CMakeFiles/uart_to_hid.dir/home/bilal/.pico-sdk/sdk/2.2.0/src/rp2_common/pico_malloc/malloc.c.o
LOAD CMakeFiles/uart_to_hid.dir/home/bilal/.pico-sdk/sdk/2.2.0/src/rp2_common/pico_mem_ops/mem_ops_aeabi.S.o
LOAD CMakeFiles/uart_to_hid.dir/home/bilal/.pico-sdk/sdk/2.2.0/src/rp2_common/pico_atomic/atomic.c.o
LOAD CMakeFiles/uart_to_hid.dir/home/bilal/.pico-sdk/sdk/2.2.0/src/rp2_common/pico_cxx_options/new_delete.cpp.o
LOAD CMakeFiles/uart_to_hid.dir/home/bilal/.pico-sdk/sdk/2.2.0/src/rp2_common/pico_standard_binary_info/standard_binary_info.c.o
LOAD CMakeFiles/uart_to_hid.dir/home/bilal/.pico-sdk/sdk/2.2.0/src/rp2_common/pico_printf/printf.c.o
LOAD CMakeFiles/uart_to_hid.dir/home/bilal/.pico-sdk/sdk/2.2.0/src/rp2_common/pico_crt0/crt0.S.o
LOAD CMakeFiles/uart_to_hid.dir/home/bilal/.pico-sdk/sdk/2.2.0/src/rp2_common/pico_clib_interface/newlib_interface.c.o
LOAD CMakeFiles/uart_to_hid.dir/home/bilal/.pico-sdk/sdk/2.2.0/src/rp2_common/pico_stdio/stdio.c.o
LOAD CMakeFiles/uart_to_hid.dir/home/bilal/.pico-sdk/sdk/2.2.0/src/rp2_common/pico_stdio_uart/stdio_uart.c.o
LOAD CMakeFiles/uart_to_hid.dir/home/bilal/.pico-sdk/sdk/2.2.0/lib/tinyusb/src/portable/raspberrypi/rp2040/dcd_rp2040.c.o
LOAD CMakeFiles/uart_to_hid.dir/home/bilal/.pico-sdk/sdk/2.2.0/lib/tinyusb/src/portable/raspberrypi/rp2040/rp2040_usb.c.o
LOAD CMakeFiles/uart_to_hid.dir/home/bilal/.pico-sdk/sdk/2.2.0/lib/tinyusb/src/device/usbd.c.o
LOAD CMakeFiles/uart_to_hid.dir/home/bilal/.pico-sdk/sdk/2.2.0/lib/tinyusb/src/device/usbd_control.c.o
LOAD CMakeFiles/uart_to_hid.dir/home/bilal/.pico-sdk/sdk/2.2.0/lib/tinyusb/src/class/audio/audio_device.c.o
LOAD CMakeFiles/uart_to_hid.dir/home/bilal/.pico-sdk/sdk/2.2.0/lib/tinyusb/src/class/cdc/cdc_device.c.o
LOAD CMakeFiles/uart_to_hid.dir/home/bilal/.pico-sdk/sdk/2.2.0/lib/tinyusb/src/class/dfu/dfu_device.c.o
LOAD CMakeFiles/uart_to_hid.dir/home/bilal/.pico-sdk/sdk/2.2.0/lib/tinyusb/src/class/dfu/dfu_rt_device.c.o
LOAD CMakeFiles/uart_to_hid.dir/home/bilal/.pico-sdk/sdk/2.2.0/lib/tinyusb/src/class/hid/hid_device.c.o
LOAD CMakeFiles/uart_to_hid.dir/home/bilal/.pico-sdk/sdk/2.2.0/lib/tinyusb/src/class/midi/midi_device.c.o
LOAD CMakeFiles/uart_to_hid.dir/home/bilal/.pico-sdk/sdk/2.2.0/lib/tinyusb/src/class/msc/msc_device.c.o
LOAD CMakeFiles/uart_to_hid.dir/home/bilal/.pico-sdk/sdk/2.2.0/lib/tinyusb/src/class/net/ecm_rndis_device.c.o
LOAD CMakeFiles/uart_to_hid.dir/home/bilal/.pico-sdk/sdk/2.2.0/lib/tinyusb/src/class/net/ncm_device.c.o
LOAD CMakeFiles/uart_to_hid.dir/home/bilal/.pico-sdk/sdk/2.2.0/lib/tinyusb/src/class/usbtmc/usbtmc_device.c.o
LOAD CMakeFiles/uart_to_hid.dir/home/bilal/.pico-sdk/sdk/2.2.0/lib/tinyusb/src/class/vendor/vendor_device.c.o
LOAD CMakeFiles/uart_to_hid.dir/home/bilal/.pico-sdk/sdk/2.2.0/lib/tinyusb/src/class/video/video_device.c.o
LOAD CMakeFiles/uart_to_hid.dir/home/bilal/.pico-sdk/sdk/2.2.0/lib/tinyusb/src/tusb.c.o
LOAD CMakeFiles/uart_to_hid.dir/home/bilal/.pico-sdk/sdk/2.2.0/lib/tinyusb/src/common/tusb_fifo.c.o
LOAD CMakeFiles/uart_to_hid.dir/home/bilal/.pico-sdk/sdk/2.2.0/src/rp2_common/pico_fix/rp2040_usb_device_enumeration/rp2040_usb_device_enumeration.c.o
LOAD CMakeFiles/uart_to_hid.dir/home/bilal/.pico-sdk/sdk/2.2.0/lib/tinyusb/hw/bsp/rp2040/family.c.o
LOAD CMakeFiles/uart_to_hid.dir/home/bilal/.pico-sdk/sdk/2.2.0/src/rp2_common/pico_unique_id/unique_id.c.o
LOAD CMakeFiles/uart_to_hid.dir/home/bilal/.pico-sdk/sdk/2.2.0/src/rp2_common/hardware_flash/flash.c.o
LOAD CMakeFiles/uart_to_hid.dir/home/bilal/.pico-sdk/sdk/2.2.0/src/rp2_common/hardware_xip_cache/xip_cache.c.o
LOAD pico-sdk/src/rp2040/boot_stage2/CMakeFiles/bs2_default_library.dir/./bs2_default_padded_checksummed.S.o
LOAD /home/bilal/.pico-sdk/toolchain/14_2_Rel1/bin/../lib/gcc/arm-none-eabi/14.2.1/../../../../arm-none-eabi/lib/thumb/v6-m/nofp/libstdc++.a
LOAD /home/bilal/.pico-sdk/toolchain/14_2_Rel1/bin/../lib/gcc/arm-none-eabi/14.2.1/../../../../arm-none-eabi/lib/thumb/v6-m/nofp/libm.a
START GROUP
LOAD /home/bilal/.pico-sdk/toolchain/14_2_Rel1/bin/../lib/gcc/arm-none-eabi/14.2.1/thumb/v6-m/nofp/libgcc.a
LOAD /home/bilal/.pico-sdk/toolchain/14_2_Rel1/bin/../lib/gcc/arm-none-eabi/14.2.1/../../../../arm-none-eabi/lib/thumb/v6-m/nofp/libg.a
LOAD /home/bilal/.pico-sdk/toolchain/14_2_Rel1/bin/../lib/gcc/arm-none-eabi/14.2.1/../../../../arm-none-eabi/lib/thumb/v6-m/nofp/libc.a
END GROUP
START GROUP
LOAD /home/bilal/.pico-sdk/toolchain/14_2_Rel1/bin/../lib/gcc/arm-none-eabi/14.2.1/thumb/v6-m/nofp/libgcc.a
LOAD /home/bilal/.pico-sdk/toolchain/14_2_Rel1/bin/../lib/gcc/arm-none-eabi/14.2.1/../../../../arm-none-eabi/lib/thumb/v6-m/nofp/libc.a
LOAD /home/bilal/.pico-sdk/toolchain/14_2_Rel1/bin/../lib/gcc/arm-none-eabi/14.2.1/../../../../arm-none-eabi/lib/thumb/v6-m/nofp/libnosys.a
END GROUP
LOAD /home/bilal/.pico-sdk/toolchain/14_2_Rel1/bin/../lib/gcc/arm-none-eabi/14.2.1/thumb/v6-m/nofp/crtend.o
LOAD /home/bilal/.pico-sdk/toolchain/14_2_Rel1/bin/../lib/gcc/arm-none-eabi/14.2.1/thumb/v6-m/nofp/crtn.o
OUTPUT(uart_to_hid.elf elf32-littlearm)
LOAD linker stubs

.ARM.attributes
                0x00000000       0x28
 .ARM.attributes
                0x00000000       0x1e /home/bilal/.pico-sdk/toolchain/14_2_Rel1/bin/../lib/gcc/arm-none-eabi/14.2.1/thumb/v6-m/nofp/crti.o
 .ARM.attributes
                0x0000001e       0x2c /home/bilal/.pico-sdk/toolchain/14_2_Rel1/bin/../lib/gcc/arm-none-eabi/14.2.1/thumb/v6-m/nofp/crtbegin.o
 .ARM.attributes
                0x0000004a       0x2c CMakeFiles/uart_to_hid.dir/main.c.o
 .ARM.attributes
                0x00000076       0x2c CMakeFiles/uart_to_hid.dir/usb_descriptors.c.o
 .ARM.attributes
                0x000000a2       0x2c CMakeFiles/uart_to_hid.dir/home/bilal/.pico-sdk/sdk/2.2.0/src/rp2_common/hardware_gpio/gpio.c.o
 .ARM.attributes
                0x000000ce       0x2c CMakeFiles/uart_to_hid.dir/home/bilal/.pico-sdk/sdk/2.2.0/src/rp2040/pico_platform/platform.c.o
 .ARM.attributes
                0x000000fa       0x2c CMakeFiles/uart_to_hid.dir/home/bilal/.pico-sdk/sdk/2.2.0/src/rp2_common/pico_platform_panic/panic.c.o
 .ARM.attributes
                0x00000126       0x2c CMakeFiles/uart_to_hid.dir/home/bilal/.pico-sdk/sdk/2.2.0/src/common/hardware_claim/claim.c.o
 .ARM.attributes
                0x00000152       0x2c CMakeFiles/uart_to_hid.dir/home/bilal/.pico-sdk/sdk/2.2.0/src/rp2_common/hardware_sync/sync.c.o
 .ARM.attributes
                0x0000017e       0x2c CMakeFiles/uart_to_hid.dir/home/bilal/.pico-sdk/sdk/2.2.0/src/rp2_common/hardware_sync_spin_lock/sync_spin_lock.c.o
 .ARM.attributes
                0x000001aa       0x2c CMakeFiles/uart_to_hid.dir/home/bilal/.pico-sdk/sdk/2.2.0/src/rp2_common/hardware_irq/irq.c.o
 .ARM.attributes
                0x000001d6       0x22 CMakeFiles/uart_to_hid.dir/home/bilal/.pico-sdk/sdk/2.2.0/src/rp2_common/hardware_irq/irq_handler_chain.S.o
 .ARM.attributes
                0x000001f8       0x2c CMakeFiles/uart_to_hid.dir/home/bilal/.pico-sdk/sdk/2.2.0/src/common/pico_sync/lock_core.c.o
 .ARM.attributes
                0x00000224       0x2c CMakeFiles/uart_to_hid.dir/home/bilal/.pico-sdk/sdk/2.2.0/src/common/pico_sync/mutex.c.o
 .ARM.attributes
                0x00000250       0x2c CMakeFiles/uart_to_hid.dir/home/bilal/.pico-sdk/sdk/2.2.0/src/common/pico_sync/critical_section.c.o
 .ARM.attributes
                0x0000027c       0x2c CMakeFiles/uart_to_hid.dir/home/bilal/.pico-sdk/sdk/2.2.0/src/common/pico_time/time.c.o
 .ARM.attributes
                0x000002a8       0x2c CMakeFiles/uart_to_hid.dir/home/bilal/.pico-sdk/sdk/2.2.0/src/rp2_common/hardware_timer/timer.c.o
 .ARM.attributes
                0x000002d4       0x2c CMakeFiles/uart_to_hid.dir/home/bilal/.pico-sdk/sdk/2.2.0/src/rp2_common/hardware_uart/uart.c.o
 .ARM.attributes
                0x00000300       0x2c CMakeFiles/uart_to_hid.dir/home/bilal/.pico-sdk/sdk/2.2.0/src/rp2_common/hardware_clocks/clocks.c.o
 .ARM.attributes
                0x0000032c       0x2c CMakeFiles/uart_to_hid.dir/home/bilal/.pico-sdk/sdk/2.2.0/src/rp2_common/hardware_pll/pll.c.o
 .ARM.attributes
                0x00000358       0x2c CMakeFiles/uart_to_hid.dir/home/bilal/.pico-sdk/sdk/2.2.0/src/rp2_common/hardware_ticks/ticks.c.o
 .ARM.attributes
                0x00000384       0x2c CMakeFiles/uart_to_hid.dir/home/bilal/.pico-sdk/sdk/2.2.0/src/rp2_common/pico_bootrom/bootrom.c.o
 .ARM.attributes
                0x000003b0       0x2c CMakeFiles/uart_to_hid.dir/home/bilal/.pico-sdk/sdk/2.2.0/src/rp2_common/hardware_xosc/xosc.c.o
 .ARM.attributes
                0x000003dc       0x2c CMakeFiles/uart_to_hid.dir/home/bilal/.pico-sdk/sdk/2.2.0/src/rp2_common/pico_runtime/runtime.c.o
 .ARM.attributes
                0x00000408       0x2c CMakeFiles/uart_to_hid.dir/home/bilal/.pico-sdk/sdk/2.2.0/src/rp2_common/pico_runtime_init/runtime_init.c.o
 .ARM.attributes
                0x00000434       0x2c CMakeFiles/uart_to_hid.dir/home/bilal/.pico-sdk/sdk/2.2.0/src/rp2_common/pico_runtime_init/runtime_init_clocks.c.o
 .ARM.attributes
                0x00000460       0x22 CMakeFiles/uart_to_hid.dir/home/bilal/.pico-sdk/sdk/2.2.0/src/rp2_common/pico_bit_ops/bit_ops_aeabi.S.o
 .ARM.attributes
                0x00000482       0x22 CMakeFiles/uart_to_hid.dir/home/bilal/.pico-sdk/sdk/2.2.0/src/rp2_common/pico_divider/divider_hardware.S.o
 .ARM.attributes
                0x000004a4       0x22 CMakeFiles/uart_to_hid.dir/home/bilal/.pico-sdk/sdk/2.2.0/src/rp2_common/pico_double/double_aeabi_rp2040.S.o
 .ARM.attributes
                0x000004c6       0x2c CMakeFiles/uart_to_hid.dir/home/bilal/.pico-sdk/sdk/2.2.0/src/rp2_common/pico_double/double_init_rom_rp2040.c.o
 .ARM.attributes
                0x000004f2       0x22 CMakeFiles/uart_to_hid.dir/home/bilal/.pico-sdk/sdk/2.2.0/src/rp2_common/pico_double/double_v1_rom_shim_rp2040.S.o
 .ARM.attributes
                0x00000514       0x22 CMakeFiles/uart_to_hid.dir/home/bilal/.pico-sdk/sdk/2.2.0/src/rp2_common/pico_int64_ops/pico_int64_ops_aeabi.S.o
 .ARM.attributes
                0x00000536       0x22 CMakeFiles/uart_to_hid.dir/home/bilal/.pico-sdk/sdk/2.2.0/src/rp2_common/pico_float/float_aeabi_rp2040.S.o
 .ARM.attributes
                0x00000558       0x2c CMakeFiles/uart_to_hid.dir/home/bilal/.pico-sdk/sdk/2.2.0/src/rp2_common/pico_float/float_init_rom_rp2040.c.o
 .ARM.attributes
                0x00000584       0x22 CMakeFiles/uart_to_hid.dir/home/bilal/.pico-sdk/sdk/2.2.0/src/rp2_common/pico_float/float_v1_rom_shim_rp2040.S.o
 .ARM.attributes
                0x000005a6       0x22 CMakeFiles/uart_to_hid.dir/home/bilal/.pico-sdk/sdk/2.2.0/src/rp2_common/pico_mem_ops/mem_ops_aeabi.S.o
 .ARM.attributes
                0x000005c8       0x2c CMakeFiles/uart_to_hid.dir/home/bilal/.pico-sdk/sdk/2.2.0/src/rp2_common/pico_standard_binary_info/standard_binary_info.c.o
 .ARM.attributes
                0x000005f4       0x2c CMakeFiles/uart_to_hid.dir/home/bilal/.pico-sdk/sdk/2.2.0/src/rp2_common/pico_printf/printf.c.o
 .ARM.attributes
                0x00000620       0x22 CMakeFiles/uart_to_hid.dir/home/bilal/.pico-sdk/sdk/2.2.0/src/rp2_common/pico_crt0/crt0.S.o
 .ARM.attributes
                0x00000642       0x2c CMakeFiles/uart_to_hid.dir/home/bilal/.pico-sdk/sdk/2.2.0/src/rp2_common/pico_clib_interface/newlib_interface.c.o
 .ARM.attributes
                0x0000066e       0x2c CMakeFiles/uart_to_hid.dir/home/bilal/.pico-sdk/sdk/2.2.0/src/rp2_common/pico_stdio/stdio.c.o
 .ARM.attributes
                0x0000069a       0x2c CMakeFiles/uart_to_hid.dir/home/bilal/.pico-sdk/sdk/2.2.0/src/rp2_common/pico_stdio_uart/stdio_uart.c.o
 .ARM.attributes
                0x000006c6       0x2c CMakeFiles/uart_to_hid.dir/home/bilal/.pico-sdk/sdk/2.2.0/lib/tinyusb/src/portable/raspberrypi/rp2040/dcd_rp2040.c.o
 .ARM.attributes
                0x000006f2       0x2c CMakeFiles/uart_to_hid.dir/home/bilal/.pico-sdk/sdk/2.2.0/lib/tinyusb/src/portable/raspberrypi/rp2040/rp2040_usb.c.o
 .ARM.attributes
                0x0000071e       0x2c CMakeFiles/uart_to_hid.dir/home/bilal/.pico-sdk/sdk/2.2.0/lib/tinyusb/src/device/usbd.c.o
 .ARM.attributes
                0x0000074a       0x2c CMakeFiles/uart_to_hid.dir/home/bilal/.pico-sdk/sdk/2.2.0/lib/tinyusb/src/device/usbd_control.c.o
 .ARM.attributes
                0x00000776       0x2c CMakeFiles/uart_to_hid.dir/home/bilal/.pico-sdk/sdk/2.2.0/lib/tinyusb/src/class/hid/hid_device.c.o
 .ARM.attributes
                0x000007a2       0x2c CMakeFiles/uart_to_hid.dir/home/bilal/.pico-sdk/sdk/2.2.0/lib/tinyusb/src/tusb.c.o
 .ARM.attributes
                0x000007ce       0x2c CMakeFiles/uart_to_hid.dir/home/bilal/.pico-sdk/sdk/2.2.0/lib/tinyusb/src/common/tusb_fifo.c.o
 .ARM.attributes
                0x000007fa       0x2c CMakeFiles/uart_to_hid.dir/home/bilal/.pico-sdk/sdk/2.2.0/lib/tinyusb/hw/bsp/rp2040/family.c.o
 .ARM.attributes
                0x00000826       0x2c CMakeFiles/uart_to_hid.dir/home/bilal/.pico-sdk/sdk/2.2.0/src/rp2_common/pico_unique_id/unique_id.c.o
 .ARM.attributes
                0x00000852       0x2c CMakeFiles/uart_to_hid.dir/home/bilal/.pico-sdk/sdk/2.2.0/src/rp2_common/hardware_flash/flash.c.o
 .ARM.attributes
                0x0000087e       0x22 pico-sdk/src/rp2040/boot_stage2/CMakeFiles/bs2_default_library.dir/./bs2_default_padded_checksummed.S.o
 .ARM.attributes
                0x000008a0       0x1e /home/bilal/.pico-sdk/toolchain/14_2_Rel1/bin/../lib/gcc/arm-none-eabi/14.2.1/thumb/v6-m/nofp/libgcc.a(_dvmd_tls.o)
 .ARM.attributes
                0x000008be       0x2c /home/bilal/.pico-sdk/toolchain/14_2_Rel1/bin/../lib/gcc/arm-none-eabi/14.2.1/../../../../arm-none-eabi/lib/thumb/v6-m/nofp/libg.a(libc_a-strlen-stub.o)
 .ARM.attributes
                0x000008ea       0x2c /home/bilal/.pico-sdk/toolchain/14_2_Rel1/bin/../lib/gcc/arm-none-eabi/14.2.1/thumb/v6-m/nofp/crtend.o

.comment        0x00000000       0x45
 .comment       0x00000000       0x45 CMakeFiles/uart_to_hid.dir/main.c.o
                                 0x46 (size before relaxing)
 .comment       0x00000045       0x46 CMakeFiles/uart_to_hid.dir/usb_descriptors.c.o
 .comment       0x00000045       0x46 CMakeFiles/uart_to_hid.dir/home/bilal/.pico-sdk/sdk/2.2.0/src/rp2_common/hardware_gpio/gpio.c.o
 .comment       0x00000045       0x46 CMakeFiles/uart_to_hid.dir/home/bilal/.pico-sdk/sdk/2.2.0/src/rp2040/pico_platform/platform.c.o
 .comment       0x00000045       0x46 CMakeFiles/uart_to_hid.dir/home/bilal/.pico-sdk/sdk/2.2.0/src/rp2_common/pico_platform_panic/panic.c.o
 .comment       0x00000045       0x46 CMakeFiles/uart_to_hid.dir/home/bilal/.pico-sdk/sdk/2.2.0/src/common/hardware_claim/claim.c.o
 .comment       0x00000045       0x46 CMakeFiles/uart_to_hid.dir/home/bilal/.pico-sdk/sdk/2.2.0/src/rp2_common/hardware_sync/sync.c.o
 .comment       0x00000045       0x46 CMakeFiles/uart_to_hid.dir/home/bilal/.pico-sdk/sdk/2.2.0/src/rp2_common/hardware_sync_spin_lock/sync_spin_lock.c.o
 .comment       0x00000045       0x46 CMakeFiles/uart_to_hid.dir/home/bilal/.pico-sdk/sdk/2.2.0/src/rp2_common/hardware_irq/irq.c.o
 .comment       0x00000045       0x46 CMakeFiles/uart_to_hid.dir/home/bilal/.pico-sdk/sdk/2.2.0/src/common/pico_sync/lock_core.c.o
 .comment       0x00000045       0x46 CMakeFiles/uart_to_hid.dir/home/bilal/.pico-sdk/sdk/2.2.0/src/common/pico_sync/mutex.c.o
 .comment       0x00000045       0x46 CMakeFiles/uart_to_hid.dir/home/bilal/.pico-sdk/sdk/2.2.0/src/common/pico_sync/critical_section.c.o
 .comment       0x00000045       0x46 CMakeFiles/uart_to_hid.dir/home/bilal/.pico-sdk/sdk/2.2.0/src/common/pico_time/time.c.o
 .comment       0x00000045       0x46 CMakeFiles/uart_to_hid.dir/home/bilal/.pico-sdk/sdk/2.2.0/src/rp2_common/hardware_timer/timer.c.o
 .comment       0x00000045       0x46 CMakeFiles/uart_to_hid.dir/home/bilal/.pico-sdk/sdk/2.2.0/src/rp2_common/hardware_uart/uart.c.o
 .comment       0x00000045       0x46 CMakeFiles/uart_to_hid.dir/home/bilal/.pico-sdk/sdk/2.2.0/src/rp2_common/hardware_clocks/clocks.c.o
 .comment       0x00000045       0x46 CMakeFiles/uart_to_hid.dir/home/bilal/.pico-sdk/sdk/2.2.0/src/rp2_common/hardware_pll/pll.c.o
 .comment       0x00000045       0x46 CMakeFiles/uart_to_hid.dir/home/bilal/.pico-sdk/sdk/2.2.0/src/rp2_common/hardware_ticks/ticks.c.o
 .comment       0x00000045       0x46 CMakeFiles/uart_to_hid.dir/home/bilal/.pico-sdk/sdk/2.2.0/src/rp2_common/pico_bootrom/bootrom.c.o
 .comment       0x00000045       0x46 CMakeFiles/uart_to_hid.dir/home/bilal/.pico-sdk/sdk/2.2.0/src/rp2_common/hardware_xosc/xosc.c.o
 .comment       0x00000045       0x46 CMakeFiles/uart_to_hid.dir/home/bilal/.pico-sdk/sdk/2.2.0/src/rp2_common/pico_runtime/runtime.c.o
 .comment       0x00000045       0x46 CMakeFiles/uart_to_hid.dir/home/bilal/.pico-sdk/sdk/2.2.0/src/rp2_common/pico_runtime_init/runtime_init.c.o
 .comment       0x00000045       0x46 CMakeFiles/uart_to_hid.dir/home/bilal/.pico-sdk/sdk/2.2.0/src/rp2_common/pico_runtime_init/runtime_init_clocks.c.o
 .comment       0x00000045       0x46 CMakeFiles/uart_to_hid.dir/home/bilal/.pico-sdk/sdk/2.2.0/src/rp2_common/pico_double/double_init_rom_rp2040.c.o